====================================================================================================
Date/Time        : 2026-07-22 00:23:53

Application      : Store_Online

Machine Name     : JOINCODER-SV
Windows User     : REAN-Demo

Working Folder   : D:\_Dev_DeskApp\Store_Online\Store_Online\bin\Debug\net8.0-windows\

Title            : Configuration GarageOnline

Database configuration loaded successfully from sys.xml.

====================================================================================================
Date/Time        : 2026-07-22 00:24:15

Application      : Store_Online

Machine Name     : JOINCODER-SV
Windows User     : REAN-Demo

Working Folder   : D:\_Dev_DeskApp\Store_Online\Store_Online\bin\Debug\net8.0-windows\

Title            : Configuration GarageOnline

Database configuration loaded successfully from sys.xml.

====================================================================================================
Date/Time        : 2026-07-22 00:29:16

Application      : Store_Online

Machine Name     : JOINCODER-SV
Windows User     : REAN-Demo

Working Folder   : D:\_Dev_DeskApp\Store_Online\Store_Online\bin\Debug\net8.0-windows\

Title            : Configuration GarageOnline

Database configuration loaded successfully from sys.xml.

====================================================================================================
Date/Time        : 2026-07-22 00:33:50

Application      : Store_Online

Machine Name     : JOINCODER-SV
Windows User     : REAN-Demo

Working Folder   : D:\_Dev_DeskApp\Store_Online\Store_Online\bin\Debug\net8.0-windows\

Title            : Configuration GarageOnline

Database configuration loaded successfully from sys.xml.

====================================================================================================
Date/Time        : 2026-07-22 00:43:40

Application      : Store_Online

Machine Name     : JOINCODER-SV
Windows User     : REAN-Demo

Working Folder   : D:\_Dev_DeskApp\Store_Online\Store_Online\bin\Debug\net8.0-windows\

Title            : Configuration GarageOnline

Database configuration loaded successfully from sys.xml.

====================================================================================================
Date/Time        : 2026-07-22 00:43:56

Application      : Store_Online

Machine Name     : JOINCODER-SV
Windows User     : REAN-Demo

Working Folder   : D:\_Dev_DeskApp\Store_Online\Store_Online\bin\Debug\net8.0-windows\

Title            : Configuration GarageOnline

Database configuration loaded successfully from sys.xml.

====================================================================================================
Date/Time        : 2026-07-22 00:44:26

Application      : Store_Online

Machine Name     : JOINCODER-SV
Windows User     : REAN-Demo

Working Folder   : D:\_Dev_DeskApp\Store_Online\Store_Online\bin\Debug\net8.0-windows\

Title            : Configuration GarageOnline

Database configuration loaded successfully from sys.xml.

====================================================================================================
Date/Time        : 2026-07-22 00:46:17

Application      : Store_Online

Machine Name     : JOINCODER-SV
Windows User     : REAN-Demo

Working Folder   : D:\_Dev_DeskApp\Store_Online\Store_Online\bin\Debug\net8.0-windows\

Title            : Configuration GarageOnline

Database configuration loaded successfully from sys.xml.

====================================================================================================
Date/Time        : 2026-07-22 00:48:44

Application      : Store_Online

Machine Name     : JOINCODER-SV
Windows User     : REAN-Demo

Working Folder   : D:\_Dev_DeskApp\Store_Online\Store_Online\bin\Debug\net8.0-windows\

Title            : Configuration GarageOnline

Database configuration loaded successfully from sys.xml.

====================================================================================================
Date/Time        : 2026-07-22 00:51:41

Application      : Store_Online

Machine Name     : JOINCODER-SV
Windows User     : REAN-Demo

Working Folder   : D:\_Dev_DeskApp\Store_Online\Store_Online\bin\Debug\net8.0-windows\

Title            : Configuration GarageOnline

Database configuration loaded successfully from sys.xml.

====================================================================================================
Date/Time        : 2026-07-22 00:54:17

Application      : Store_Online

Machine Name     : JOINCODER-SV
Windows User     : REAN-Demo

Working Folder   : D:\_Dev_DeskApp\Store_Online\Store_Online\bin\Debug\net8.0-windows\

Title            : Configuration GarageOnline

Database configuration loaded successfully from sys.xml.

====================================================================================================
Date/Time        : 2026-07-22 00:56:21

Application      : Store_Online

Machine Name     : JOINCODER-SV
Windows User     : REAN-Demo

Working Folder   : D:\_Dev_DeskApp\Store_Online\Store_Online\bin\Debug\net8.0-windows\

Title            : Configuration GarageOnline

Database configuration loaded successfully from sys.xml.

====================================================================================================
Date/Time        : 2026-07-22 00:57:07

Application      : Store_Online

Machine Name     : JOINCODER-SV
Windows User     : REAN-Demo

Working Folder   : D:\_Dev_DeskApp\Store_Online\Store_Online\bin\Debug\net8.0-windows\

Title            : Configuration GarageOnline

Database configuration loaded successfully from sys.xml.

====================================================================================================
Date/Time        : 2026-07-22 01:01:20

Application      : Store_Online

Machine Name     : JOINCODER-SV
Windows User     : REAN-Demo

Working Folder   : D:\_Dev_DeskApp\Store_Online\Store_Online\bin\Debug\net8.0-windows\

Title            : Configuration GarageOnline

Database configuration loaded successfully from sys.xml.

====================================================================================================
Date/Time        : 2026-07-22 01:02:23

Application      : Store_Online

Machine Name     : JOINCODER-SV
Windows User     : REAN-Demo

Working Folder   : D:\_Dev_DeskApp\Store_Online\Store_Online\bin\Debug\net8.0-windows\

Title            : Configuration GarageOnline

Database configuration loaded successfully from sys.xml.

====================================================================================================
Date/Time        : 2026-07-22 01:08:43

Application      : Store_Online

Machine Name     : JOINCODER-SV
Windows User     : REAN-Demo

Working Folder   : D:\_Dev_DeskApp\Store_Online\Store_Online\bin\Debug\net8.0-windows\

Title            : Configuration GarageOnline

Database configuration loaded successfully from sys.xml.

====================================================================================================
Date/Time        : 2026-07-22 01:10:39

Application      : Store_Online

Machine Name     : JOINCODER-SV
Windows User     : REAN-Demo

Working Folder   : D:\_Dev_DeskApp\Store_Online\Store_Online\bin\Debug\net8.0-windows\

Title            : Configuration GarageOnline

Database configuration loaded successfully from sys.xml.

====================================================================================================
Date/Time        : 2026-07-22 01:18:22

Application      : Store_Online

Machine Name     : JOINCODER-SV
Windows User     : REAN-Demo

Working Folder   : D:\_Dev_DeskApp\Store_Online\Store_Online\bin\Debug\net8.0-windows\

Title            : Configuration GarageOnline

Database configuration loaded successfully from sys.xml.

====================================================================================================
Date/Time        : 2026-07-22 01:19:32

Application      : Store_Online

Machine Name     : JOINCODER-SV
Windows User     : REAN-Demo

Working Folder   : D:\_Dev_DeskApp\Store_Online\Store_Online\bin\Debug\net8.0-windows\

Title            : Configuration GarageOnline

Database configuration loaded successfully from sys.xml.

====================================================================================================
Date/Time        : 2026-07-22 01:21:22

Application      : Store_Online

Machine Name     : JOINCODER-SV
Windows User     : REAN-Demo

Working Folder   : D:\_Dev_DeskApp\Store_Online\Store_Online\bin\Debug\net8.0-windows\

Title            : Configuration GarageOnline

Database configuration loaded successfully from sys.xml.

====================================================================================================
Date/Time        : 2026-07-22 01:22:09

Application      : Store_Online

Machine Name     : JOINCODER-SV
Windows User     : REAN-Demo

Working Folder   : D:\_Dev_DeskApp\Store_Online\Store_Online\bin\Debug\net8.0-windows\

Title            : Configuration GarageOnline

Database configuration loaded successfully from sys.xml.

====================================================================================================
Date/Time        : 2026-07-22 01:24:20

Application      : Store_Online

Machine Name     : JOINCODER-SV
Windows User     : REAN-Demo

Working Folder   : D:\_Dev_DeskApp\Store_Online\Store_Online\bin\Debug\net8.0-windows\

Title            : Configuration GarageOnline

Database configuration loaded successfully from sys.xml.

====================================================================================================
Date/Time        : 2026-07-22 01:25:33

Application      : Store_Online

Machine Name     : JOINCODER-SV
Windows User     : REAN-Demo

Working Folder   : D:\_Dev_DeskApp\Store_Online\Store_Online\bin\Debug\net8.0-windows\

Title            : Configuration GarageOnline

Database configuration loaded successfully from sys.xml.

====================================================================================================
Date/Time        : 2026-07-22 01:27:05

Application      : Store_Online

Machine Name     : JOINCODER-SV
Windows User     : REAN-Demo

Working Folder   : D:\_Dev_DeskApp\Store_Online\Store_Online\bin\Debug\net8.0-windows\

Title            : Configuration GarageOnline

Database configuration loaded successfully from sys.xml.

====================================================================================================
Date/Time        : 2026-07-22 01:29:34

Application      : Store_Online

Machine Name     : JOINCODER-SV
Windows User     : REAN-Demo

Working Folder   : D:\_Dev_DeskApp\Store_Online\Store_Online\bin\Debug\net8.0-windows\

Title            : Configuration GarageOnline

Database configuration loaded successfully from sys.xml.

====================================================================================================
Date/Time        : 2026-07-22 01:30:59

Application      : Store_Online

Machine Name     : JOINCODER-SV
Windows User     : REAN-Demo

Working Folder   : D:\_Dev_DeskApp\Store_Online\Store_Online\bin\Debug\net8.0-windows\

Title            : Configuration GarageOnline

Database configuration loaded successfully from sys.xml.

====================================================================================================
Date/Time        : 2026-07-22 01:31:44

Application      : Store_Online

Machine Name     : JOINCODER-SV
Windows User     : REAN-Demo

Working Folder   : D:\_Dev_DeskApp\Store_Online\Store_Online\bin\Debug\net8.0-windows\

Title            : Configuration GarageOnline

Database configuration loaded successfully from sys.xml.

====================================================================================================
Date/Time        : 2026-07-22 01:35:47

Application      : Store_Online

Machine Name     : JOINCODER-SV
Windows User     : REAN-Demo

Working Folder   : D:\_Dev_DeskApp\Store_Online\Store_Online\bin\Debug\net8.0-windows\

Title            : Configuration GarageOnline

Database configuration loaded successfully from sys.xml.

====================================================================================================
Date/Time        : 2026-07-22 01:37:38

Application      : Store_Online

Machine Name     : JOINCODER-SV
Windows User     : REAN-Demo

Working Folder   : D:\_Dev_DeskApp\Store_Online\Store_Online\bin\Debug\net8.0-windows\

Title            : Configuration GarageOnline

Database configuration loaded successfully from sys.xml.

====================================================================================================
Date/Time        : 2026-07-22 01:39:38

Application      : Store_Online

Machine Name     : JOINCODER-SV
Windows User     : REAN-Demo

Working Folder   : D:\_Dev_DeskApp\Store_Online\Store_Online\bin\Debug\net8.0-windows\

Title            : Configuration GarageOnline

Database configuration loaded successfully from sys.xml.

====================================================================================================
Date/Time        : 2026-07-22 01:40:35

Application      : Store_Online

Machine Name     : JOINCODER-SV
Windows User     : REAN-Demo

Working Folder   : D:\_Dev_DeskApp\Store_Online\Store_Online\bin\Debug\net8.0-windows\

Title            : Configuration GarageOnline

Database configuration loaded successfully from sys.xml.

====================================================================================================
Date/Time        : 2026-07-22 01:43:11

Application      : Store_Online

Machine Name     : JOINCODER-SV
Windows User     : REAN-Demo

Working Folder   : D:\_Dev_DeskApp\Store_Online\Store_Online\bin\Debug\net8.0-windows\

Title            : Configuration GarageOnline

Database configuration loaded successfully from sys.xml.

====================================================================================================
Date/Time        : 2026-07-22 01:44:53

Application      : Store_Online

Machine Name     : JOINCODER-SV
Windows User     : REAN-Demo

Working Folder   : D:\_Dev_DeskApp\Store_Online\Store_Online\bin\Debug\net8.0-windows\

Title            : Configuration GarageOnline

Database configuration loaded successfully from sys.xml.

====================================================================================================
Date/Time        : 2026-07-22 01:45:58

Application      : Store_Online

Machine Name     : JOINCODER-SV
Windows User     : REAN-Demo

Working Folder   : D:\_Dev_DeskApp\Store_Online\Store_Online\bin\Debug\net8.0-windows\

Title            : Configuration GarageOnline

Database configuration loaded successfully from sys.xml.

====================================================================================================
Date/Time        : 2026-07-22 01:47:36

Application      : Store_Online

Machine Name     : JOINCODER-SV
Windows User     : REAN-Demo

Working Folder   : D:\_Dev_DeskApp\Store_Online\Store_Online\bin\Debug\net8.0-windows\

Title            : Configuration GarageOnline

Database configuration loaded successfully from sys.xml.

====================================================================================================
Date/Time        : 2026-07-22 01:49:07

Application      : Store_Online

Machine Name     : JOINCODER-SV
Windows User     : REAN-Demo

Working Folder   : D:\_Dev_DeskApp\Store_Online\Store_Online\bin\Debug\net8.0-windows\

Title            : Configuration GarageOnline

Database configuration loaded successfully from sys.xml.

====================================================================================================
Date/Time        : 2026-07-22 01:52:23

Application      : Store_Online

Machine Name     : JOINCODER-SV
Windows User     : REAN-Demo

Working Folder   : D:\_Dev_DeskApp\Store_Online\Store_Online\bin\Debug\net8.0-windows\

Title            : Configuration GarageOnline

Database configuration loaded successfully from sys.xml.

====================================================================================================
Date/Time        : 2026-07-22 01:54:05

Application      : Store_Online

Machine Name     : JOINCODER-SV
Windows User     : REAN-Demo

Working Folder   : D:\_Dev_DeskApp\Store_Online\Store_Online\bin\Debug\net8.0-windows\

Title            : Configuration GarageOnline

Database configuration loaded successfully from sys.xml.

====================================================================================================
Date/Time        : 2026-07-22 02:01:09

Application      : Store_Online

Machine Name     : JOINCODER-SV
Windows User     : REAN-Demo

Working Folder   : D:\_Dev_DeskApp\Store_Online\Store_Online\bin\Debug\net8.0-windows\

Title            : Configuration GarageOnline

Database configuration loaded successfully from sys.xml.

====================================================================================================
Date/Time        : 2026-07-22 02:01:55

Application      : Store_Online

Machine Name     : JOINCODER-SV
Windows User     : REAN-Demo

Working Folder   : D:\_Dev_DeskApp\Store_Online\Store_Online\bin\Debug\net8.0-windows\

Title            : Configuration GarageOnline

Database configuration loaded successfully from sys.xml.

====================================================================================================
Date/Time        : 2026-07-22 02:03:14

Application      : Store_Online

Machine Name     : JOINCODER-SV
Windows User     : REAN-Demo

Working Folder   : D:\_Dev_DeskApp\Store_Online\Store_Online\bin\Debug\net8.0-windows\

Title            : Configuration GarageOnline

Database configuration loaded successfully from sys.xml.

====================================================================================================
Date/Time        : 2026-07-22 02:04:17

Application      : Store_Online

Machine Name     : JOINCODER-SV
Windows User     : REAN-Demo

Working Folder   : D:\_Dev_DeskApp\Store_Online\Store_Online\bin\Debug\net8.0-windows\

Title            : Configuration GarageOnline

Database configuration loaded successfully from sys.xml.

====================================================================================================
Date/Time        : 2026-07-22 02:05:16

Application      : Store_Online

Machine Name     : JOINCODER-SV
Windows User     : REAN-Demo

Working Folder   : D:\_Dev_DeskApp\Store_Online\Store_Online\bin\Debug\net8.0-windows\

Title            : Configuration GarageOnline

Database configuration loaded successfully from sys.xml.

====================================================================================================
Date/Time        : 2026-07-22 02:06:11

Application      : Store_Online

Machine Name     : JOINCODER-SV
Windows User     : REAN-Demo

Working Folder   : D:\_Dev_DeskApp\Store_Online\Store_Online\bin\Debug\net8.0-windows\

Title            : Configuration GarageOnline

Database configuration loaded successfully from sys.xml.

====================================================================================================
Date/Time        : 2026-07-22 02:07:58

Application      : Store_Online

Machine Name     : JOINCODER-SV
Windows User     : REAN-Demo

Working Folder   : D:\_Dev_DeskApp\Store_Online\Store_Online\bin\Debug\net8.0-windows\

Title            : Configuration GarageOnline

Database configuration loaded successfully from sys.xml.

====================================================================================================
Date/Time        : 2026-07-22 02:09:07

Application      : Store_Online

Machine Name     : JOINCODER-SV
Windows User     : REAN-Demo

Working Folder   : D:\_Dev_DeskApp\Store_Online\Store_Online\bin\Debug\net8.0-windows\

Title            : Configuration GarageOnline

Database configuration loaded successfully from sys.xml.

====================================================================================================
Date/Time        : 2026-07-22 13:08:29

Application      : Store_Online

Machine Name     : JOINCODER-SV
Windows User     : REAN-Demo

Working Folder   : D:\_Dev_DeskApp\Store_Online\Store_Online\bin\Debug\net8.0-windows\

Title            : Configuration GarageOnline

Database configuration loaded successfully from sys.xml.

====================================================================================================
Date/Time        : 2026-07-22 13:08:59

Application      : Store_Online

Machine Name     : JOINCODER-SV
Windows User     : REAN-Demo

Working Folder   : D:\_Dev_DeskApp\Store_Online\Store_Online\bin\Debug\net8.0-windows\

Title            : Configuration GarageOnline

Database configuration loaded successfully from sys.xml.

====================================================================================================
Date/Time        : 2026-07-22 13:29:06

Application      : Store_Online

Machine Name     : JOINCODER-SV
Windows User     : REAN-Demo

Working Folder   : D:\_Dev_DeskApp\Store_Online\Store_Online\bin\Debug\net8.0-windows\

Title            : Configuration GarageOnline

Database configuration loaded successfully from sys.xml.

====================================================================================================
Date/Time        : 2026-07-22 13:31:03

Application      : Store_Online

Machine Name     : JOINCODER-SV
Windows User     : REAN-Demo

Working Folder   : D:\_Dev_DeskApp\Store_Online\Store_Online\bin\Debug\net8.0-windows\

Title            : Configuration GarageOnline

Database configuration loaded successfully from sys.xml.

====================================================================================================
Date/Time        : 2026-07-22 13:33:50

Application      : Store_Online

Machine Name     : JOINCODER-SV
Windows User     : REAN-Demo

Working Folder   : D:\_Dev_DeskApp\Store_Online\Store_Online\bin\Debug\net8.0-windows\

Title            : Configuration GarageOnline

Database configuration loaded successfully from sys.xml.

====================================================================================================
Date/Time        : 2026-07-22 13:34:07

Application      : Store_Online

Machine Name     : JOINCODER-SV
Windows User     : REAN-Demo

Working Folder   : D:\_Dev_DeskApp\Store_Online\Store_Online\bin\Debug\net8.0-windows\

Title            : Configuration GarageOnline

Database configuration loaded successfully from sys.xml.

====================================================================================================
Date/Time        : 2026-07-22 13:35:42

Application      : Store_Online

Machine Name     : JOINCODER-SV
Windows User     : REAN-Demo

Working Folder   : D:\_Dev_DeskApp\Store_Online\Store_Online\bin\Debug\net8.0-windows\

Title            : Configuration GarageOnline

Database configuration loaded successfully from sys.xml.

====================================================================================================
Date/Time        : 2026-07-22 13:36:23

Application      : Store_Online

Machine Name     : JOINCODER-SV
Windows User     : REAN-Demo

Working Folder   : D:\_Dev_DeskApp\Store_Online\Store_Online\bin\Debug\net8.0-windows\

Title            : Configuration GarageOnline

Database configuration loaded successfully from sys.xml.

====================================================================================================
Date/Time        : 2026-07-22 13:36:32

Application      : Store_Online

Machine Name     : JOINCODER-SV
Windows User     : REAN-Demo

Working Folder   : D:\_Dev_DeskApp\Store_Online\Store_Online\bin\Debug\net8.0-windows\

Title            : Configuration GarageOnline

Database configuration loaded successfully from sys.xml.

====================================================================================================
Date/Time        : 2026-07-22 13:36:41

Application      : Store_Online

Machine Name     : JOINCODER-SV
Windows User     : REAN-Demo

Working Folder   : D:\_Dev_DeskApp\Store_Online\Store_Online\bin\Debug\net8.0-windows\

Title            : Configuration GarageOnline

Database configuration loaded successfully from sys.xml.

====================================================================================================
Date/Time        : 2026-07-22 13:41:55

Application      : Store_Online

Machine Name     : JOINCODER-SV
Windows User     : REAN-Demo

Working Folder   : D:\_Dev_DeskApp\Store_Online\Store_Online\bin\Debug\net8.0-windows\

Title            : Configuration GarageOnline

Database configuration loaded successfully from sys.xml.

====================================================================================================
Date/Time        : 2026-07-22 13:42:06

Application      : Store_Online

Machine Name     : JOINCODER-SV
Windows User     : REAN-Demo

Working Folder   : D:\_Dev_DeskApp\Store_Online\Store_Online\bin\Debug\net8.0-windows\

Title            : Configuration GarageOnline

Database configuration loaded successfully from sys.xml.

====================================================================================================
Date/Time        : 2026-07-22 14:00:02

Application      : Store_Online

Machine Name     : JOINCODER-SV
Windows User     : REAN-Demo

Working Folder   : D:\_Dev_DeskApp\Store_Online\Store_Online\bin\Debug\net8.0-windows\

Title            : Configuration GarageOnline

Database configuration loaded successfully from sys.xml.

====================================================================================================
Date/Time        : 2026-07-22 14:04:54

Application      : Store_Online

Machine Name     : JOINCODER-SV
Windows User     : REAN-Demo

Working Folder   : D:\_Dev_DeskApp\Store_Online\Store_Online\bin\Debug\net8.0-windows\

Title            : Configuration GarageOnline

Database configuration loaded successfully from sys.xml.

====================================================================================================
Date/Time        : 2026-07-22 14:07:44

Application      : Store_Online

Machine Name     : JOINCODER-SV
Windows User     : REAN-Demo

Working Folder   : D:\_Dev_DeskApp\Store_Online\Store_Online\bin\Debug\net8.0-windows\

Title            : Configuration GarageOnline

Database configuration loaded successfully from sys.xml.

====================================================================================================
Date/Time        : 2026-07-22 14:10:47

Application      : Store_Online

Machine Name     : JOINCODER-SV
Windows User     : REAN-Demo

Working Folder   : D:\_Dev_DeskApp\Store_Online\Store_Online\bin\Debug\net8.0-windows\

Title            : Configuration GarageOnline

Database configuration loaded successfully from sys.xml.

====================================================================================================
Date/Time        : 2026-07-22 14:11:09

Application      : Store_Online

Machine Name     : JOINCODER-SV
Windows User     : REAN-Demo

Working Folder   : D:\_Dev_DeskApp\Store_Online\Store_Online\bin\Debug\net8.0-windows\

Title            : Configuration GarageOnline

Database configuration loaded successfully from sys.xml.

====================================================================================================
Date/Time        : 2026-07-22 14:12:07

Application      : Store_Online

Machine Name     : JOINCODER-SV
Windows User     : REAN-Demo

Working Folder   : D:\_Dev_DeskApp\Store_Online\Store_Online\bin\Debug\net8.0-windows\

Title            : Configuration GarageOnline

Database configuration loaded successfully from sys.xml.

====================================================================================================
Date/Time        : 2026-07-22 14:12:21

Application      : Store_Online

Machine Name     : JOINCODER-SV
Windows User     : REAN-Demo

Working Folder   : D:\_Dev_DeskApp\Store_Online\Store_Online\bin\Debug\net8.0-windows\

Title            : Configuration GarageOnline

Database configuration loaded successfully from sys.xml.

====================================================================================================
Date/Time        : 2026-07-22 14:12:32

Application      : Store_Online

Machine Name     : JOINCODER-SV
Windows User     : REAN-Demo

Working Folder   : D:\_Dev_DeskApp\Store_Online\Store_Online\bin\Debug\net8.0-windows\

Title            : Configuration GarageOnline

Database configuration loaded successfully from sys.xml.

====================================================================================================
Date/Time        : 2026-07-22 14:15:29

Application      : Store_Online

Machine Name     : JOINCODER-SV
Windows User     : REAN-Demo

Working Folder   : D:\_Dev_DeskApp\Store_Online\Store_Online\bin\Debug\net8.0-windows\

Title            : Configuration GarageOnline

Database configuration loaded successfully from sys.xml.

====================================================================================================
Date/Time        : 2026-07-22 14:16:09

Application      : Store_Online

Machine Name     : JOINCODER-SV
Windows User     : REAN-Demo

Working Folder   : D:\_Dev_DeskApp\Store_Online\Store_Online\bin\Debug\net8.0-windows\

Title            : Configuration GarageOnline

Database configuration loaded successfully from sys.xml.

====================================================================================================
Date/Time        : 2026-07-22 14:17:31

Application      : Store_Online

Machine Name     : JOINCODER-SV
Windows User     : REAN-Demo

Working Folder   : D:\_Dev_DeskApp\Store_Online\Store_Online\bin\Debug\net8.0-windows\

Title            : Configuration GarageOnline

Database configuration loaded successfully from sys.xml.

====================================================================================================
Date/Time        : 2026-07-22 14:17:43

Application      : Store_Online

Machine Name     : JOINCODER-SV
Windows User     : REAN-Demo

Working Folder   : D:\_Dev_DeskApp\Store_Online\Store_Online\bin\Debug\net8.0-windows\

Title            : Configuration GarageOnline

Database configuration loaded successfully from sys.xml.

====================================================================================================
Date/Time        : 2026-07-22 14:21:58

Application      : Store_Online

Machine Name     : JOINCODER-SV
Windows User     : REAN-Demo

Working Folder   : D:\_Dev_DeskApp\Store_Online\Store_Online\bin\Debug\net8.0-windows\

Title            : Configuration GarageOnline

Database configuration loaded successfully from sys.xml.

====================================================================================================
Date/Time        : 2026-07-22 14:23:02

Application      : Store_Online

Machine Name     : JOINCODER-SV
Windows User     : REAN-Demo

Working Folder   : D:\_Dev_DeskApp\Store_Online\Store_Online\bin\Debug\net8.0-windows\

Title            : Configuration GarageOnline

Database configuration loaded successfully from sys.xml.

====================================================================================================
Date/Time        : 2026-07-22 14:33:10

Application      : Store_Online

Machine Name     : JOINCODER-SV
Windows User     : REAN-Demo

Working Folder   : D:\_Dev_DeskApp\Store_Online\Store_Online\bin\Debug\net8.0-windows\

Title            : Configuration GarageOnline

Database configuration loaded successfully from sys.xml.

====================================================================================================
Date/Time        : 2026-07-22 14:35:33

Application      : Store_Online

Machine Name     : JOINCODER-SV
Windows User     : REAN-Demo

Working Folder   : D:\_Dev_DeskApp\Store_Online\Store_Online\bin\Debug\net8.0-windows\

Title            : Configuration GarageOnline

Database configuration loaded successfully from sys.xml.

====================================================================================================
Date/Time        : 2026-07-22 14:36:33

Application      : Store_Online

Machine Name     : JOINCODER-SV
Windows User     : REAN-Demo

Working Folder   : D:\_Dev_DeskApp\Store_Online\Store_Online\bin\Debug\net8.0-windows\

Title            : Configuration GarageOnline

Database configuration loaded successfully from sys.xml.

====================================================================================================
Date/Time        : 2026-07-22 14:36:42

Application      : Store_Online

Machine Name     : JOINCODER-SV
Windows User     : REAN-Demo

Working Folder   : D:\_Dev_DeskApp\Store_Online\Store_Online\bin\Debug\net8.0-windows\

Title            : Configuration GarageOnline

Database configuration loaded successfully from sys.xml.

====================================================================================================
Date/Time        : 2026-07-22 14:36:58

Application      : Store_Online

Machine Name     : JOINCODER-SV
Windows User     : REAN-Demo

Working Folder   : D:\_Dev_DeskApp\Store_Online\Store_Online\bin\Debug\net8.0-windows\

Title            : Configuration GarageOnline

Database configuration loaded successfully from sys.xml.

====================================================================================================
Date/Time        : 2026-07-22 14:37:59

Application      : Store_Online

Machine Name     : JOINCODER-SV
Windows User     : REAN-Demo

Working Folder   : D:\_Dev_DeskApp\Store_Online\Store_Online\bin\Debug\net8.0-windows\

Title            : Configuration GarageOnline

Database configuration loaded successfully from sys.xml.

====================================================================================================
Date/Time        : 2026-07-22 14:47:03

Application      : Store_Online

Machine Name     : JOINCODER-SV
Windows User     : REAN-Demo

Working Folder   : D:\_Dev_DeskApp\Store_Online\Store_Online\bin\Debug\net8.0-windows\

Title            : Configuration GarageOnline

Database configuration loaded successfully from sys.xml.

====================================================================================================
Date/Time        : 2026-07-22 14:51:20

Application      : Store_Online

Machine Name     : JOINCODER-SV
Windows User     : REAN-Demo

Working Folder   : D:\_Dev_DeskApp\Store_Online\Store_Online\bin\Debug\net8.0-windows\

Title            : Configuration GarageOnline

Database configuration loaded successfully from sys.xml.

====================================================================================================
Date/Time        : 2026-07-22 15:24:06

Application      : Store_Online

Machine Name     : JOINCODER-SV
Windows User     : REAN-Demo

Working Folder   : D:\_Dev_DeskApp\Store_Online\Store_Online\bin\Debug\net8.0-windows\

Title            : Configuration GarageOnline

Database configuration loaded successfully from sys.xml.

====================================================================================================
Date/Time        : 2026-07-22 15:32:39

Application      : Store_Online

Machine Name     : JOINCODER-SV
Windows User     : REAN-Demo

Working Folder   : D:\_Dev_DeskApp\Store_Online\Store_Online\bin\Debug\net8.0-windows\

Title            : Configuration GarageOnline

Database configuration loaded successfully from sys.xml.

====================================================================================================
Date/Time        : 2026-07-22 15:36:53

Application      : Store_Online

Machine Name     : JOINCODER-SV
Windows User     : REAN-Demo

Working Folder   : D:\_Dev_DeskApp\Store_Online\Store_Online\bin\Debug\net8.0-windows\

Title            : Configuration GarageOnline

Database configuration loaded successfully from sys.xml.

====================================================================================================
Date/Time        : 2026-07-22 15:41:32

Application      : Store_Online

Machine Name     : JOINCODER-SV
Windows User     : REAN-Demo

Working Folder   : D:\_Dev_DeskApp\Store_Online\Store_Online\bin\Debug\net8.0-windows\

Title            : Configuration GarageOnline

Database configuration loaded successfully from sys.xml.

====================================================================================================
Date/Time        : 2026-07-22 15:42:12

Application      : Store_Online

Machine Name     : JOINCODER-SV
Windows User     : REAN-Demo

Working Folder   : D:\_Dev_DeskApp\Store_Online\Store_Online\bin\Debug\net8.0-windows\

Title            : Configuration GarageOnline

Database configuration loaded successfully from sys.xml.

====================================================================================================
Date/Time        : 2026-07-22 15:42:26

Application      : Store_Online

Machine Name     : JOINCODER-SV
Windows User     : REAN-Demo

Working Folder   : D:\_Dev_DeskApp\Store_Online\Store_Online\bin\Debug\net8.0-windows\

Title            : Configuration GarageOnline

Database configuration loaded successfully from sys.xml.

====================================================================================================
Date/Time        : 2026-07-22 15:44:09

Application      : Store_Online

Machine Name     : JOINCODER-SV
Windows User     : REAN-Demo

Working Folder   : D:\_Dev_DeskApp\Store_Online\Store_Online\bin\Debug\net8.0-windows\

Title            : Configuration GarageOnline

Database configuration loaded successfully from sys.xml.

====================================================================================================
Date/Time        : 2026-07-22 15:44:27

Application      : Store_Online

Machine Name     : JOINCODER-SV
Windows User     : REAN-Demo

Working Folder   : D:\_Dev_DeskApp\Store_Online\Store_Online\bin\Debug\net8.0-windows\

Title            : Configuration GarageOnline

Database configuration loaded successfully from sys.xml.

====================================================================================================
Date/Time        : 2026-07-22 15:49:33

Application      : Store_Online

Machine Name     : JOINCODER-SV
Windows User     : REAN-Demo

Working Folder   : D:\_Dev_DeskApp\Store_Online\Store_Online\bin\Debug\net8.0-windows\

Title            : Configuration GarageOnline

Database configuration loaded successfully from sys.xml.

====================================================================================================
Date/Time        : 2026-07-22 15:50:42

Application      : Store_Online

Machine Name     : JOINCODER-SV
Windows User     : REAN-Demo

Working Folder   : D:\_Dev_DeskApp\Store_Online\Store_Online\bin\Debug\net8.0-windows\

Title            : Configuration GarageOnline

Database configuration loaded successfully from sys.xml.

====================================================================================================
Date/Time        : 2026-07-22 15:50:57

Application      : Store_Online

Machine Name     : JOINCODER-SV
Windows User     : REAN-Demo

Working Folder   : D:\_Dev_DeskApp\Store_Online\Store_Online\bin\Debug\net8.0-windows\

Title            : Configuration GarageOnline

Database configuration loaded successfully from sys.xml.

====================================================================================================
Date/Time        : 2026-07-22 15:51:29

Application      : Store_Online

Machine Name     : JOINCODER-SV
Windows User     : REAN-Demo

Working Folder   : D:\_Dev_DeskApp\Store_Online\Store_Online\bin\Debug\net8.0-windows\

Title            : Configuration GarageOnline

Database configuration loaded successfully from sys.xml.

====================================================================================================
Date/Time        : 2026-07-22 15:53:52

Application      : Store_Online

Machine Name     : JOINCODER-SV
Windows User     : REAN-Demo

Working Folder   : D:\_Dev_DeskApp\Store_Online\Store_Online\bin\Debug\net8.0-windows\

Title            : Configuration GarageOnline

Database configuration loaded successfully from sys.xml.

====================================================================================================
Date/Time        : 2026-07-22 15:54:20

Application      : Store_Online

Machine Name     : JOINCODER-SV
Windows User     : REAN-Demo

Working Folder   : D:\_Dev_DeskApp\Store_Online\Store_Online\bin\Debug\net8.0-windows\

Title            : Configuration GarageOnline

Database configuration loaded successfully from sys.xml.

====================================================================================================
Date/Time        : 2026-07-22 16:00:06

Application      : Store_Online

Machine Name     : JOINCODER-SV
Windows User     : REAN-Demo

Working Folder   : D:\_Dev_DeskApp\Store_Online\Store_Online\bin\Debug\net8.0-windows\

Title            : Configuration GarageOnline

Database configuration loaded successfully from sys.xml.

====================================================================================================
Date/Time        : 2026-07-22 16:01:58

Application      : Store_Online

Machine Name     : JOINCODER-SV
Windows User     : REAN-Demo

Working Folder   : D:\_Dev_DeskApp\Store_Online\Store_Online\bin\Debug\net8.0-windows\

Title            : Configuration GarageOnline

Database configuration loaded successfully from sys.xml.

====================================================================================================
Date/Time        : 2026-07-22 16:06:40

Application      : Store_Online

Machine Name     : JOINCODER-SV
Windows User     : REAN-Demo

Working Folder   : D:\_Dev_DeskApp\Store_Online\Store_Online\bin\Debug\net8.0-windows\

Title            : Configuration GarageOnline

Database configuration loaded successfully from sys.xml.

====================================================================================================
Date/Time        : 2026-07-22 16:23:12

Application      : Store_Online

Machine Name     : JOINCODER-SV
Windows User     : REAN-Demo

Working Folder   : D:\_Dev_DeskApp\Store_Online\Store_Online\bin\Debug\net8.0-windows\

Title            : Configuration GarageOnline

Database configuration loaded successfully from sys.xml.

====================================================================================================
Date/Time        : 2026-07-22 16:25:41

Application      : Store_Online

Machine Name     : JOINCODER-SV
Windows User     : REAN-Demo

Working Folder   : D:\_Dev_DeskApp\Store_Online\Store_Online\bin\Debug\net8.0-windows\

Title            : Configuration GarageOnline

Database configuration loaded successfully from sys.xml.

====================================================================================================
Date/Time        : 2026-07-22 16:27:10

Application      : Store_Online

Machine Name     : JOINCODER-SV
Windows User     : REAN-Demo

Working Folder   : D:\_Dev_DeskApp\Store_Online\Store_Online\bin\Debug\net8.0-windows\

Title            : Configuration GarageOnline

Database configuration loaded successfully from sys.xml.

====================================================================================================
Date/Time        : 2026-07-22 16:27:31

Application      : Store_Online

Machine Name     : JOINCODER-SV
Windows User     : REAN-Demo

Working Folder   : D:\_Dev_DeskApp\Store_Online\Store_Online\bin\Debug\net8.0-windows\

Title            : Configuration GarageOnline

Database configuration loaded successfully from sys.xml.

====================================================================================================
Date/Time        : 2026-07-22 16:32:26

Application      : Store_Online

Machine Name     : JOINCODER-SV
Windows User     : REAN-Demo

Working Folder   : D:\_Dev_DeskApp\Store_Online\Store_Online\bin\Debug\net8.0-windows\

Title            : Configuration GarageOnline

Database configuration loaded successfully from sys.xml.

====================================================================================================
Date/Time        : 2026-07-22 16:32:36

Application      : Store_Online

Machine Name     : JOINCODER-SV
Windows User     : REAN-Demo

Working Folder   : D:\_Dev_DeskApp\Store_Online\Store_Online\bin\Debug\net8.0-windows\

Title            : Configuration GarageOnline

Database configuration loaded successfully from sys.xml.

====================================================================================================
Date/Time        : 2026-07-22 16:33:58

Application      : Store_Online

Machine Name     : JOINCODER-SV
Windows User     : REAN-Demo

Working Folder   : D:\_Dev_DeskApp\Store_Online\Store_Online\bin\Debug\net8.0-windows\

Title            : Configuration GarageOnline

Database configuration loaded successfully from sys.xml.

====================================================================================================
Date/Time        : 2026-07-22 16:36:21

Application      : Store_Online

Machine Name     : JOINCODER-SV
Windows User     : REAN-Demo

Working Folder   : D:\_Dev_DeskApp\Store_Online\Store_Online\bin\Debug\net8.0-windows\

Title            : Configuration GarageOnline

Database configuration loaded successfully from sys.xml.

====================================================================================================
Date/Time        : 2026-07-22 16:37:27

Application      : Store_Online

Machine Name     : JOINCODER-SV
Windows User     : REAN-Demo

Working Folder   : D:\_Dev_DeskApp\Store_Online\Store_Online\bin\Debug\net8.0-windows\

Title            : Configuration GarageOnline

Database configuration loaded successfully from sys.xml.

====================================================================================================
Date/Time        : 2026-07-22 16:47:58

Application      : Store_Online

Machine Name     : JOINCODER-SV
Windows User     : REAN-Demo

Working Folder   : D:\_Dev_DeskApp\Store_Online\Store_Online\bin\Debug\net8.0-windows\

Title            : Configuration GarageOnline

Database configuration loaded successfully from sys.xml.

====================================================================================================
Date/Time        : 2026-07-22 21:30:46

Application      : Store_Online

Machine Name     : JOINCODER-SV
Windows User     : REAN-Demo

Working Folder   : D:\_Dev_DeskApp\Store_Online\Store_Online\bin\Debug\net8.0-windows\

Title            : Configuration GarageOnline

Database configuration loaded successfully from sys.xml.

====================================================================================================
Date/Time        : 2026-07-22 21:48:23

Application      : Store_Online

Machine Name     : JOINCODER-SV
Windows User     : REAN-Demo

Working Folder   : D:\_Dev_DeskApp\Store_Online\Store_Online\bin\Debug\net8.0-windows\

Title            : Configuration GarageOnline

Database configuration loaded successfully from sys.xml.

====================================================================================================
Date/Time        : 2026-07-22 21:49:09

Application      : Store_Online

Machine Name     : JOINCODER-SV
Windows User     : REAN-Demo

Working Folder   : D:\_Dev_DeskApp\Store_Online\Store_Online\bin\Debug\net8.0-windows\

Title            : Configuration GarageOnline

Database configuration loaded successfully from sys.xml.

====================================================================================================
Date/Time        : 2026-07-22 21:50:23

Application      : Store_Online

Machine Name     : JOINCODER-SV
Windows User     : REAN-Demo

Working Folder   : D:\_Dev_DeskApp\Store_Online\Store_Online\bin\Debug\net8.0-windows\

Title            : Configuration GarageOnline

Database configuration loaded successfully from sys.xml.

====================================================================================================
Date/Time        : 2026-07-22 21:50:33

Application      : Store_Online

Machine Name     : JOINCODER-SV
Windows User     : REAN-Demo

Working Folder   : D:\_Dev_DeskApp\Store_Online\Store_Online\bin\Debug\net8.0-windows\

Title            : Configuration GarageOnline

Database configuration loaded successfully from sys.xml.

====================================================================================================
Date/Time        : 2026-07-22 21:53:39

Application      : Store_Online

Machine Name     : JOINCODER-SV
Windows User     : REAN-Demo

Working Folder   : D:\_Dev_DeskApp\Store_Online\Store_Online\bin\Debug\net8.0-windows\

Title            : Configuration GarageOnline

Database configuration loaded successfully from sys.xml.

====================================================================================================
Date/Time        : 2026-07-22 21:54:52

Application      : Store_Online

Machine Name     : JOINCODER-SV
Windows User     : REAN-Demo

Working Folder   : D:\_Dev_DeskApp\Store_Online\Store_Online\bin\Debug\net8.0-windows\

Title            : Configuration GarageOnline

Database configuration loaded successfully from sys.xml.

====================================================================================================
Date/Time        : 2026-07-22 21:56:06

Application      : Store_Online

Machine Name     : JOINCODER-SV
Windows User     : REAN-Demo

Working Folder   : D:\_Dev_DeskApp\Store_Online\Store_Online\bin\Debug\net8.0-windows\

Title            : Configuration GarageOnline

Database configuration loaded successfully from sys.xml.

====================================================================================================
Date/Time        : 2026-07-22 21:56:17

Application      : Store_Online

Machine Name     : JOINCODER-SV
Windows User     : REAN-Demo

Working Folder   : D:\_Dev_DeskApp\Store_Online\Store_Online\bin\Debug\net8.0-windows\

Title            : Configuration GarageOnline

Database configuration loaded successfully from sys.xml.

====================================================================================================
Date/Time        : 2026-07-22 21:57:27

Application      : Store_Online

Machine Name     : JOINCODER-SV
Windows User     : REAN-Demo

Working Folder   : D:\_Dev_DeskApp\Store_Online\Store_Online\bin\Debug\net8.0-windows\

Title            : Configuration GarageOnline

Database configuration loaded successfully from sys.xml.

====================================================================================================
Date/Time        : 2026-07-22 21:58:12

Application      : Store_Online

Machine Name     : JOINCODER-SV
Windows User     : REAN-Demo

Working Folder   : D:\_Dev_DeskApp\Store_Online\Store_Online\bin\Debug\net8.0-windows\

Title            : Configuration GarageOnline

Database configuration loaded successfully from sys.xml.

====================================================================================================
Date/Time        : 2026-07-22 21:58:26

Application      : Store_Online

Machine Name     : JOINCODER-SV
Windows User     : REAN-Demo

Working Folder   : D:\_Dev_DeskApp\Store_Online\Store_Online\bin\Debug\net8.0-windows\

Title            : Configuration GarageOnline

Database configuration loaded successfully from sys.xml.

====================================================================================================
Date/Time        : 2026-07-22 21:58:35

Application      : Store_Online

Machine Name     : JOINCODER-SV
Windows User     : REAN-Demo

Working Folder   : D:\_Dev_DeskApp\Store_Online\Store_Online\bin\Debug\net8.0-windows\

Title            : Configuration GarageOnline

Database configuration loaded successfully from sys.xml.

====================================================================================================
Date/Time        : 2026-07-22 21:59:23

Application      : Store_Online

Machine Name     : JOINCODER-SV
Windows User     : REAN-Demo

Working Folder   : D:\_Dev_DeskApp\Store_Online\Store_Online\bin\Debug\net8.0-windows\

Title            : Configuration GarageOnline

Database configuration loaded successfully from sys.xml.

====================================================================================================
Date/Time        : 2026-07-22 21:59:31

Application      : Store_Online

Machine Name     : JOINCODER-SV
Windows User     : REAN-Demo

Working Folder   : D:\_Dev_DeskApp\Store_Online\Store_Online\bin\Debug\net8.0-windows\

Title            : Configuration GarageOnline

Database configuration loaded successfully from sys.xml.

====================================================================================================
Date/Time        : 2026-07-22 22:00:11

Application      : Store_Online

Machine Name     : JOINCODER-SV
Windows User     : REAN-Demo

Working Folder   : D:\_Dev_DeskApp\Store_Online\Store_Online\bin\Debug\net8.0-windows\

Title            : Configuration GarageOnline

Database configuration loaded successfully from sys.xml.

====================================================================================================
Date/Time        : 2026-07-22 22:02:21

Application      : Store_Online

Machine Name     : JOINCODER-SV
Windows User     : REAN-Demo

Working Folder   : D:\_Dev_DeskApp\Store_Online\Store_Online\bin\Debug\net8.0-windows\

Title            : Configuration GarageOnline

Database configuration loaded successfully from sys.xml.

====================================================================================================
Date/Time        : 2026-07-22 22:03:29

Application      : Store_Online

Machine Name     : JOINCODER-SV
Windows User     : REAN-Demo

Working Folder   : D:\_Dev_DeskApp\Store_Online\Store_Online\bin\Debug\net8.0-windows\

Title            : Configuration GarageOnline

Database configuration loaded successfully from sys.xml.

====================================================================================================
Date/Time        : 2026-07-22 22:04:24

Application      : Store_Online

Machine Name     : JOINCODER-SV
Windows User     : REAN-Demo

Working Folder   : D:\_Dev_DeskApp\Store_Online\Store_Online\bin\Debug\net8.0-windows\

Title            : Configuration GarageOnline

Database configuration loaded successfully from sys.xml.

====================================================================================================
Date/Time        : 2026-07-22 22:05:19

Application      : Store_Online

Machine Name     : JOINCODER-SV
Windows User     : REAN-Demo

Working Folder   : D:\_Dev_DeskApp\Store_Online\Store_Online\bin\Debug\net8.0-windows\

Title            : Configuration GarageOnline

Database configuration loaded successfully from sys.xml.

====================================================================================================
Date/Time        : 2026-07-22 22:05:26

Application      : Store_Online

Machine Name     : JOINCODER-SV
Windows User     : REAN-Demo

Working Folder   : D:\_Dev_DeskApp\Store_Online\Store_Online\bin\Debug\net8.0-windows\

Title            : Configuration GarageOnline

Database configuration loaded successfully from sys.xml.

====================================================================================================
Date/Time        : 2026-07-22 22:05:42

Application      : Store_Online

Machine Name     : JOINCODER-SV
Windows User     : REAN-Demo

Working Folder   : D:\_Dev_DeskApp\Store_Online\Store_Online\bin\Debug\net8.0-windows\

Title            : Configuration GarageOnline

Database configuration loaded successfully from sys.xml.

====================================================================================================
Date/Time        : 2026-07-22 22:06:20

Application      : Store_Online

Machine Name     : JOINCODER-SV
Windows User     : REAN-Demo

Working Folder   : D:\_Dev_DeskApp\Store_Online\Store_Online\bin\Debug\net8.0-windows\

Title            : Configuration GarageOnline

Database configuration loaded successfully from sys.xml.

====================================================================================================
Date/Time        : 2026-07-22 22:06:26

Application      : Store_Online

Machine Name     : JOINCODER-SV
Windows User     : REAN-Demo

Working Folder   : D:\_Dev_DeskApp\Store_Online\Store_Online\bin\Debug\net8.0-windows\

Title            : Configuration GarageOnline

Database configuration loaded successfully from sys.xml.

====================================================================================================
Date/Time        : 2026-07-22 22:06:40

Application      : Store_Online

Machine Name     : JOINCODER-SV
Windows User     : REAN-Demo

Working Folder   : D:\_Dev_DeskApp\Store_Online\Store_Online\bin\Debug\net8.0-windows\

Title            : Configuration GarageOnline

Database configuration loaded successfully from sys.xml.

====================================================================================================
Date/Time        : 2026-07-22 22:07:04

Application      : Store_Online

Machine Name     : JOINCODER-SV
Windows User     : REAN-Demo

Working Folder   : D:\_Dev_DeskApp\Store_Online\Store_Online\bin\Debug\net8.0-windows\

Title            : Configuration GarageOnline

Database configuration loaded successfully from sys.xml.

====================================================================================================
Date/Time        : 2026-07-22 22:08:34

Application      : Store_Online

Machine Name     : JOINCODER-SV
Windows User     : REAN-Demo

Working Folder   : D:\_Dev_DeskApp\Store_Online\Store_Online\bin\Debug\net8.0-windows\

Title            : Configuration GarageOnline

Database configuration loaded successfully from sys.xml.

====================================================================================================
Date/Time        : 2026-07-22 22:08:49

Application      : Store_Online

Machine Name     : JOINCODER-SV
Windows User     : REAN-Demo

Working Folder   : D:\_Dev_DeskApp\Store_Online\Store_Online\bin\Debug\net8.0-windows\

Title            : Configuration GarageOnline

Database configuration loaded successfully from sys.xml.

====================================================================================================
Date/Time        : 2026-07-22 22:09:01

Application      : Store_Online

Machine Name     : JOINCODER-SV
Windows User     : REAN-Demo

Working Folder   : D:\_Dev_DeskApp\Store_Online\Store_Online\bin\Debug\net8.0-windows\

Title            : Configuration GarageOnline

Database configuration loaded successfully from sys.xml.

====================================================================================================
Date/Time        : 2026-07-22 22:09:12

Application      : Store_Online

Machine Name     : JOINCODER-SV
Windows User     : REAN-Demo

Working Folder   : D:\_Dev_DeskApp\Store_Online\Store_Online\bin\Debug\net8.0-windows\

Title            : Configuration GarageOnline

Database configuration loaded successfully from sys.xml.

====================================================================================================
Date/Time        : 2026-07-22 22:10:24

Application      : Store_Online

Machine Name     : JOINCODER-SV
Windows User     : REAN-Demo

Working Folder   : D:\_Dev_DeskApp\Store_Online\Store_Online\bin\Debug\net8.0-windows\

Title            : Configuration GarageOnline

Database configuration loaded successfully from sys.xml.

====================================================================================================
Date/Time        : 2026-07-22 22:11:15

Application      : Store_Online

Machine Name     : JOINCODER-SV
Windows User     : REAN-Demo

Working Folder   : D:\_Dev_DeskApp\Store_Online\Store_Online\bin\Debug\net8.0-windows\

Title            : Configuration GarageOnline

Database configuration loaded successfully from sys.xml.

====================================================================================================
Date/Time        : 2026-07-22 22:11:45

Application      : Store_Online

Machine Name     : JOINCODER-SV
Windows User     : REAN-Demo

Working Folder   : D:\_Dev_DeskApp\Store_Online\Store_Online\bin\Debug\net8.0-windows\

Title            : Configuration GarageOnline

Database configuration loaded successfully from sys.xml.

====================================================================================================
Date/Time        : 2026-07-22 22:13:20

Application      : Store_Online

Machine Name     : JOINCODER-SV
Windows User     : REAN-Demo

Working Folder   : D:\_Dev_DeskApp\Store_Online\Store_Online\bin\Debug\net8.0-windows\

Title            : Configuration GarageOnline

Database configuration loaded successfully from sys.xml.

====================================================================================================
Date/Time        : 2026-07-22 22:14:04

Application      : Store_Online

Machine Name     : JOINCODER-SV
Windows User     : REAN-Demo

Working Folder   : D:\_Dev_DeskApp\Store_Online\Store_Online\bin\Debug\net8.0-windows\

Title            : Configuration GarageOnline

Database configuration loaded successfully from sys.xml.

====================================================================================================
Date/Time        : 2026-07-22 22:50:16

Application      : Store_Online

Machine Name     : JOINCODER-SV
Windows User     : REAN-Demo

Working Folder   : D:\_Dev_DeskApp\Store_Online\Store_Online\bin\Debug\net8.0-windows\

Title            : Configuration GarageOnline

Database configuration loaded successfully from sys.xml.

====================================================================================================
Date/Time        : 2026-07-22 22:52:14

Application      : Store_Online

Machine Name     : JOINCODER-SV
Windows User     : REAN-Demo

Working Folder   : D:\_Dev_DeskApp\Store_Online\Store_Online\bin\Debug\net8.0-windows\

Title            : Configuration GarageOnline

Database configuration loaded successfully from sys.xml.

====================================================================================================
Date/Time        : 2026-07-22 22:52:23

Application      : Store_Online

Machine Name     : JOINCODER-SV
Windows User     : REAN-Demo

Working Folder   : D:\_Dev_DeskApp\Store_Online\Store_Online\bin\Debug\net8.0-windows\

Title            : Configuration GarageOnline

Database configuration loaded successfully from sys.xml.

====================================================================================================
Date/Time        : 2026-07-22 22:53:18

Application      : Store_Online

Machine Name     : JOINCODER-SV
Windows User     : REAN-Demo

Working Folder   : D:\_Dev_DeskApp\Store_Online\Store_Online\bin\Debug\net8.0-windows\

Title            : Configuration GarageOnline

Database configuration loaded successfully from sys.xml.

====================================================================================================
Date/Time        : 2026-07-22 22:54:31

Application      : Store_Online

Machine Name     : JOINCODER-SV
Windows User     : REAN-Demo

Working Folder   : D:\_Dev_DeskApp\Store_Online\Store_Online\bin\Debug\net8.0-windows\

Title            : Configuration GarageOnline

Database configuration loaded successfully from sys.xml.

====================================================================================================
Date/Time        : 2026-07-22 22:54:37

Application      : Store_Online

Machine Name     : JOINCODER-SV
Windows User     : REAN-Demo

Working Folder   : D:\_Dev_DeskApp\Store_Online\Store_Online\bin\Debug\net8.0-windows\

Title            : Configuration GarageOnline

Database configuration loaded successfully from sys.xml.

====================================================================================================
Date/Time        : 2026-07-22 22:56:41

Application      : Store_Online

Machine Name     : JOINCODER-SV
Windows User     : REAN-Demo

Working Folder   : D:\_Dev_DeskApp\Store_Online\Store_Online\bin\Debug\net8.0-windows\

Title            : Configuration GarageOnline

Database configuration loaded successfully from sys.xml.

====================================================================================================
Date/Time        : 2026-07-22 22:57:20

Application      : Store_Online

Machine Name     : JOINCODER-SV
Windows User     : REAN-Demo

Working Folder   : D:\_Dev_DeskApp\Store_Online\Store_Online\bin\Debug\net8.0-windows\

Title            : Configuration GarageOnline

Database configuration loaded successfully from sys.xml.

====================================================================================================
Date/Time        : 2026-07-22 22:57:37

Application      : Store_Online

Machine Name     : JOINCODER-SV
Windows User     : REAN-Demo

Working Folder   : D:\_Dev_DeskApp\Store_Online\Store_Online\bin\Debug\net8.0-windows\

Title            : Configuration GarageOnline

Database configuration loaded successfully from sys.xml.

====================================================================================================
Date/Time        : 2026-07-22 22:58:18

Application      : Store_Online

Machine Name     : JOINCODER-SV
Windows User     : REAN-Demo

Working Folder   : D:\_Dev_DeskApp\Store_Online\Store_Online\bin\Debug\net8.0-windows\

Title            : Configuration GarageOnline

Database configuration loaded successfully from sys.xml.

====================================================================================================
Date/Time        : 2026-07-22 22:59:55

Application      : Store_Online

Machine Name     : JOINCODER-SV
Windows User     : REAN-Demo

Working Folder   : D:\_Dev_DeskApp\Store_Online\Store_Online\bin\Debug\net8.0-windows\

Title            : Configuration GarageOnline

Database configuration loaded successfully from sys.xml.

====================================================================================================
Date/Time        : 2026-07-22 23:02:10

Application      : Store_Online

Machine Name     : JOINCODER-SV
Windows User     : REAN-Demo

Working Folder   : D:\_Dev_DeskApp\Store_Online\Store_Online\bin\Debug\net8.0-windows\

Title            : Configuration GarageOnline

Database configuration loaded successfully from sys.xml.

====================================================================================================
Date/Time        : 2026-07-22 23:02:18

Application      : Store_Online

Machine Name     : JOINCODER-SV
Windows User     : REAN-Demo

Working Folder   : D:\_Dev_DeskApp\Store_Online\Store_Online\bin\Debug\net8.0-windows\

Title            : Configuration GarageOnline

Database configuration loaded successfully from sys.xml.

====================================================================================================
Date/Time        : 2026-07-22 23:04:01

Application      : Store_Online

Machine Name     : JOINCODER-SV
Windows User     : REAN-Demo

Working Folder   : D:\_Dev_DeskApp\Store_Online\Store_Online\bin\Debug\net8.0-windows\

Title            : Configuration GarageOnline

Database configuration loaded successfully from sys.xml.

====================================================================================================
Date/Time        : 2026-07-22 23:06:09

Application      : Store_Online

Machine Name     : JOINCODER-SV
Windows User     : REAN-Demo

Working Folder   : D:\_Dev_DeskApp\Store_Online\Store_Online\bin\Debug\net8.0-windows\

Title            : Configuration GarageOnline

Database configuration loaded successfully from sys.xml.

====================================================================================================
Date/Time        : 2026-07-22 23:06:50

Application      : Store_Online

Machine Name     : JOINCODER-SV
Windows User     : REAN-Demo

Working Folder   : D:\_Dev_DeskApp\Store_Online\Store_Online\bin\Debug\net8.0-windows\

Title            : Configuration GarageOnline

Database configuration loaded successfully from sys.xml.

====================================================================================================
Date/Time        : 2026-07-22 23:09:43

Application      : Store_Online

Machine Name     : JOINCODER-SV
Windows User     : REAN-Demo

Working Folder   : D:\_Dev_DeskApp\Store_Online\Store_Online\bin\Debug\net8.0-windows\

Title            : Configuration GarageOnline

Database configuration loaded successfully from sys.xml.

====================================================================================================
Date/Time        : 2026-07-22 23:13:09

Application      : Store_Online

Machine Name     : JOINCODER-SV
Windows User     : REAN-Demo

Working Folder   : D:\_Dev_DeskApp\Store_Online\Store_Online\bin\Debug\net8.0-windows\

Title            : Configuration GarageOnline

Database configuration loaded successfully from sys.xml.

====================================================================================================
Date/Time        : 2026-07-22 23:13:13

Application      : Store_Online

Machine Name     : JOINCODER-SV
Windows User     : REAN-Demo

Working Folder   : D:\_Dev_DeskApp\Store_Online\Store_Online\bin\Debug\net8.0-windows\

Title            : Configuration GarageOnline

Database configuration loaded successfully from sys.xml.

====================================================================================================
Date/Time        : 2026-07-22 23:13:28

Application      : Store_Online

Machine Name     : JOINCODER-SV
Windows User     : REAN-Demo

Working Folder   : D:\_Dev_DeskApp\Store_Online\Store_Online\bin\Debug\net8.0-windows\

Title            : Configuration GarageOnline

Database configuration loaded successfully from sys.xml.

====================================================================================================
Date/Time        : 2026-07-22 23:16:58

Application      : Store_Online

Machine Name     : JOINCODER-SV
Windows User     : REAN-Demo

Working Folder   : D:\_Dev_DeskApp\Store_Online\Store_Online\bin\Debug\net8.0-windows\

Title            : Configuration GarageOnline

Database configuration loaded successfully from sys.xml.

====================================================================================================
Date/Time        : 2026-07-22 23:17:21

Application      : Store_Online

Machine Name     : JOINCODER-SV
Windows User     : REAN-Demo

Working Folder   : D:\_Dev_DeskApp\Store_Online\Store_Online\bin\Debug\net8.0-windows\

Title            : Configuration GarageOnline

Database configuration loaded successfully from sys.xml.

====================================================================================================
Date/Time        : 2026-07-22 23:18:48

Application      : Store_Online

Machine Name     : JOINCODER-SV
Windows User     : REAN-Demo

Working Folder   : D:\_Dev_DeskApp\Store_Online\Store_Online\bin\Debug\net8.0-windows\

Title            : Configuration GarageOnline

Database configuration loaded successfully from sys.xml.

====================================================================================================
Date/Time        : 2026-07-22 23:18:54

Application      : Store_Online

Machine Name     : JOINCODER-SV
Windows User     : REAN-Demo

Working Folder   : D:\_Dev_DeskApp\Store_Online\Store_Online\bin\Debug\net8.0-windows\

Title            : Configuration GarageOnline

Database configuration loaded successfully from sys.xml.

====================================================================================================
Date/Time        : 2026-07-22 23:19:51

Application      : Store_Online

Machine Name     : JOINCODER-SV
Windows User     : REAN-Demo

Working Folder   : D:\_Dev_DeskApp\Store_Online\Store_Online\bin\Debug\net8.0-windows\

Title            : Configuration GarageOnline

Database configuration loaded successfully from sys.xml.

====================================================================================================
Date/Time        : 2026-07-22 23:19:57

Application      : Store_Online

Machine Name     : JOINCODER-SV
Windows User     : REAN-Demo

Working Folder   : D:\_Dev_DeskApp\Store_Online\Store_Online\bin\Debug\net8.0-windows\

Title            : Configuration GarageOnline

Database configuration loaded successfully from sys.xml.

====================================================================================================
Date/Time        : 2026-07-22 23:23:42

Application      : Store_Online

Machine Name     : JOINCODER-SV
Windows User     : REAN-Demo

Working Folder   : D:\_Dev_DeskApp\Store_Online\Store_Online\bin\Debug\net8.0-windows\

Title            : Configuration GarageOnline

Database configuration loaded successfully from sys.xml.

====================================================================================================
Date/Time        : 2026-07-22 23:23:49

Application      : Store_Online

Machine Name     : JOINCODER-SV
Windows User     : REAN-Demo

Working Folder   : D:\_Dev_DeskApp\Store_Online\Store_Online\bin\Debug\net8.0-windows\

Title            : Configuration GarageOnline

Database configuration loaded successfully from sys.xml.

====================================================================================================
Date/Time        : 2026-07-22 23:23:54

Application      : Store_Online

Machine Name     : JOINCODER-SV
Windows User     : REAN-Demo

Working Folder   : D:\_Dev_DeskApp\Store_Online\Store_Online\bin\Debug\net8.0-windows\

Title            : Configuration GarageOnline

Database configuration loaded successfully from sys.xml.

====================================================================================================
Date/Time        : 2026-07-22 23:25:22

Application      : Store_Online

Machine Name     : JOINCODER-SV
Windows User     : REAN-Demo

Working Folder   : D:\_Dev_DeskApp\Store_Online\Store_Online\bin\Debug\net8.0-windows\

Title            : Configuration GarageOnline

Database configuration loaded successfully from sys.xml.

====================================================================================================
Date/Time        : 2026-07-22 23:25:50

Application      : Store_Online

Machine Name     : JOINCODER-SV
Windows User     : REAN-Demo

Working Folder   : D:\_Dev_DeskApp\Store_Online\Store_Online\bin\Debug\net8.0-windows\

Title            : Configuration GarageOnline

Database configuration loaded successfully from sys.xml.

====================================================================================================
Date/Time        : 2026-07-22 23:26:00

Application      : Store_Online

Machine Name     : JOINCODER-SV
Windows User     : REAN-Demo

Working Folder   : D:\_Dev_DeskApp\Store_Online\Store_Online\bin\Debug\net8.0-windows\

Title            : Configuration GarageOnline

Database configuration loaded successfully from sys.xml.

====================================================================================================
Date/Time        : 2026-07-22 23:26:21

Application      : Store_Online

Machine Name     : JOINCODER-SV
Windows User     : REAN-Demo

Working Folder   : D:\_Dev_DeskApp\Store_Online\Store_Online\bin\Debug\net8.0-windows\

Title            : Configuration GarageOnline

Database configuration loaded successfully from sys.xml.

====================================================================================================
Date/Time        : 2026-07-22 23:26:31

Application      : Store_Online

Machine Name     : JOINCODER-SV
Windows User     : REAN-Demo

Working Folder   : D:\_Dev_DeskApp\Store_Online\Store_Online\bin\Debug\net8.0-windows\

Title            : Configuration GarageOnline

Database configuration loaded successfully from sys.xml.

====================================================================================================
Date/Time        : 2026-07-22 23:26:41

Application      : Store_Online

Machine Name     : JOINCODER-SV
Windows User     : REAN-Demo

Working Folder   : D:\_Dev_DeskApp\Store_Online\Store_Online\bin\Debug\net8.0-windows\

Title            : Configuration GarageOnline

Database configuration loaded successfully from sys.xml.

====================================================================================================
Date/Time        : 2026-07-22 23:32:35

Application      : Store_Online

Machine Name     : JOINCODER-SV
Windows User     : REAN-Demo

Working Folder   : D:\_Dev_DeskApp\Store_Online\Store_Online\bin\Debug\net8.0-windows\

Title            : Configuration GarageOnline

Database configuration loaded successfully from sys.xml.

====================================================================================================
Date/Time        : 2026-07-22 23:33:17

Application      : Store_Online

Machine Name     : JOINCODER-SV
Windows User     : REAN-Demo

Working Folder   : D:\_Dev_DeskApp\Store_Online\Store_Online\bin\Debug\net8.0-windows\

Title            : Configuration GarageOnline

Database configuration loaded successfully from sys.xml.

====================================================================================================
Date/Time        : 2026-07-22 23:35:53

Application      : Store_Online

Machine Name     : JOINCODER-SV
Windows User     : REAN-Demo

Working Folder   : D:\_Dev_DeskApp\Store_Online\Store_Online\bin\Debug\net8.0-windows\

Title            : Configuration GarageOnline

Database configuration loaded successfully from sys.xml.

====================================================================================================
Date/Time        : 2026-07-22 23:36:25

Application      : Store_Online

Machine Name     : JOINCODER-SV
Windows User     : REAN-Demo

Working Folder   : D:\_Dev_DeskApp\Store_Online\Store_Online\bin\Debug\net8.0-windows\

Title            : Configuration GarageOnline

Database configuration loaded successfully from sys.xml.

====================================================================================================
Date/Time        : 2026-07-22 23:36:43

Application      : Store_Online

Machine Name     : JOINCODER-SV
Windows User     : REAN-Demo

Working Folder   : D:\_Dev_DeskApp\Store_Online\Store_Online\bin\Debug\net8.0-windows\

Title            : Configuration GarageOnline

Database configuration loaded successfully from sys.xml.

====================================================================================================
Date/Time        : 2026-07-22 23:38:20

Application      : Store_Online

Machine Name     : JOINCODER-SV
Windows User     : REAN-Demo

Working Folder   : D:\_Dev_DeskApp\Store_Online\Store_Online\bin\Debug\net8.0-windows\

Title            : Configuration GarageOnline

Database configuration loaded successfully from sys.xml.

====================================================================================================
Date/Time        : 2026-07-22 23:39:35

Application      : Store_Online

Machine Name     : JOINCODER-SV
Windows User     : REAN-Demo

Working Folder   : D:\_Dev_DeskApp\Store_Online\Store_Online\bin\Debug\net8.0-windows\

Title            : Configuration GarageOnline

Database configuration loaded successfully from sys.xml.

====================================================================================================
Date/Time        : 2026-07-22 23:42:20

Application      : Store_Online

Machine Name     : JOINCODER-SV
Windows User     : REAN-Demo

Working Folder   : D:\_Dev_DeskApp\Store_Online\Store_Online\bin\Debug\net8.0-windows\

Title            : Configuration GarageOnline

Database configuration loaded successfully from sys.xml.

====================================================================================================
Date/Time        : 2026-07-22 23:43:03

Application      : Store_Online

Machine Name     : JOINCODER-SV
Windows User     : REAN-Demo

Working Folder   : D:\_Dev_DeskApp\Store_Online\Store_Online\bin\Debug\net8.0-windows\

Title            : Configuration GarageOnline

Database configuration loaded successfully from sys.xml.

====================================================================================================
Date/Time        : 2026-07-22 23:50:24

Application      : Store_Online

Machine Name     : JOINCODER-SV
Windows User     : REAN-Demo

Working Folder   : D:\_Dev_DeskApp\Store_Online\Store_Online\bin\Debug\net8.0-windows\

Title            : Configuration GarageOnline

Database configuration loaded successfully from sys.xml.

====================================================================================================
Date/Time        : 2026-07-22 23:51:42

Application      : Store_Online

Machine Name     : JOINCODER-SV
Windows User     : REAN-Demo

Working Folder   : D:\_Dev_DeskApp\Store_Online\Store_Online\bin\Debug\net8.0-windows\

Title            : Configuration GarageOnline

Database configuration loaded successfully from sys.xml.

====================================================================================================
Date/Time        : 2026-07-22 23:52:14

Application      : Store_Online

Machine Name     : JOINCODER-SV
Windows User     : REAN-Demo

Working Folder   : D:\_Dev_DeskApp\Store_Online\Store_Online\bin\Debug\net8.0-windows\

Title            : Configuration GarageOnline

Database configuration loaded successfully from sys.xml.

====================================================================================================
Date/Time        : 2026-07-22 23:53:27

Application      : Store_Online

Machine Name     : JOINCODER-SV
Windows User     : REAN-Demo

Working Folder   : D:\_Dev_DeskApp\Store_Online\Store_Online\bin\Debug\net8.0-windows\

Title            : Configuration GarageOnline

Database configuration loaded successfully from sys.xml.

====================================================================================================
Date/Time        : 2026-07-22 23:53:33

Application      : Store_Online

Machine Name     : JOINCODER-SV
Windows User     : REAN-Demo

Working Folder   : D:\_Dev_DeskApp\Store_Online\Store_Online\bin\Debug\net8.0-windows\

Title            : Configuration GarageOnline

Database configuration loaded successfully from sys.xml.

====================================================================================================
Date/Time        : 2026-07-22 23:53:53

Application      : Store_Online

Machine Name     : JOINCODER-SV
Windows User     : REAN-Demo

Working Folder   : D:\_Dev_DeskApp\Store_Online\Store_Online\bin\Debug\net8.0-windows\

Title            : Configuration GarageOnline

Database configuration loaded successfully from sys.xml.

====================================================================================================
Date/Time        : 2026-07-22 23:55:41

Application      : Store_Online

Machine Name     : JOINCODER-SV
Windows User     : REAN-Demo

Working Folder   : D:\_Dev_DeskApp\Store_Online\Store_Online\bin\Debug\net8.0-windows\

Title            : Configuration GarageOnline

Database configuration loaded successfully from sys.xml.

====================================================================================================
Date/Time        : 2026-07-22 23:56:26

Application      : Store_Online

Machine Name     : JOINCODER-SV
Windows User     : REAN-Demo

Working Folder   : D:\_Dev_DeskApp\Store_Online\Store_Online\bin\Debug\net8.0-windows\

Title            : Configuration GarageOnline

Database configuration loaded successfully from sys.xml.

====================================================================================================
Date/Time        : 2026-07-22 23:57:45

Application      : Store_Online

Machine Name     : JOINCODER-SV
Windows User     : REAN-Demo

Working Folder   : D:\_Dev_DeskApp\Store_Online\Store_Online\bin\Debug\net8.0-windows\

Title            : Configuration GarageOnline

Database configuration loaded successfully from sys.xml.

====================================================================================================
Date/Time        : 2026-07-22 23:58:56

Application      : Store_Online

Machine Name     : JOINCODER-SV
Windows User     : REAN-Demo

Working Folder   : D:\_Dev_DeskApp\Store_Online\Store_Online\bin\Debug\net8.0-windows\

Title            : Configuration GarageOnline

Database configuration loaded successfully from sys.xml.

====================================================================================================
Date/Time        : 2026-07-22 23:59:25

Application      : Store_Online

Machine Name     : JOINCODER-SV
Windows User     : REAN-Demo

Working Folder   : D:\_Dev_DeskApp\Store_Online\Store_Online\bin\Debug\net8.0-windows\

Title            : Configuration GarageOnline

Database configuration loaded successfully from sys.xml.

