====================================================================================================
Date/Time        : 2026-07-23 00:01:04

Application      : Store_Online

Machine Name     : JOINCODER-SV
Windows User     : REAN-Demo

Working Folder   : D:\_Dev_DeskApp\Store_Online\Store_Online\bin\Debug\net8.0-windows\

Title            : Configuration GarageOnline

Database configuration loaded successfully from sys.xml.

====================================================================================================
Date/Time        : 2026-07-23 00:01:29

Application      : Store_Online

Machine Name     : JOINCODER-SV
Windows User     : REAN-Demo

Working Folder   : D:\_Dev_DeskApp\Store_Online\Store_Online\bin\Debug\net8.0-windows\

Title            : Configuration GarageOnline

Database configuration loaded successfully from sys.xml.

====================================================================================================
Date/Time        : 2026-07-23 00:05:04

Application      : Store_Online

Machine Name     : JOINCODER-SV
Windows User     : REAN-Demo

Working Folder   : D:\_Dev_DeskApp\Store_Online\Store_Online\bin\Debug\net8.0-windows\

Title            : Configuration GarageOnline

Database configuration loaded successfully from sys.xml.

====================================================================================================
Date/Time        : 2026-07-23 00:09:47

Application      : Store_Online

Machine Name     : JOINCODER-SV
Windows User     : REAN-Demo

Working Folder   : D:\_Dev_DeskApp\Store_Online\Store_Online\bin\Debug\net8.0-windows\

Title            : Configuration GarageOnline

Database configuration loaded successfully from sys.xml.

====================================================================================================
Date/Time        : 2026-07-23 00:09:56

Application      : Store_Online

Machine Name     : JOINCODER-SV
Windows User     : REAN-Demo

Working Folder   : D:\_Dev_DeskApp\Store_Online\Store_Online\bin\Debug\net8.0-windows\

Title            : Configuration GarageOnline

Database configuration loaded successfully from sys.xml.

====================================================================================================
Date/Time        : 2026-07-23 00:14:25

Application      : Store_Online

Machine Name     : JOINCODER-SV
Windows User     : REAN-Demo

Working Folder   : D:\_Dev_DeskApp\Store_Online\Store_Online\bin\Debug\net8.0-windows\

Title            : Configuration GarageOnline

Database configuration loaded successfully from sys.xml.

====================================================================================================
Date/Time        : 2026-07-23 00:14:32

Application      : Store_Online

Machine Name     : JOINCODER-SV
Windows User     : REAN-Demo

Working Folder   : D:\_Dev_DeskApp\Store_Online\Store_Online\bin\Debug\net8.0-windows\

Title            : Configuration GarageOnline

Database configuration loaded successfully from sys.xml.

====================================================================================================
Date/Time        : 2026-07-23 00:14:39

Application      : Store_Online

Machine Name     : JOINCODER-SV
Windows User     : REAN-Demo

Working Folder   : D:\_Dev_DeskApp\Store_Online\Store_Online\bin\Debug\net8.0-windows\

Title            : Configuration GarageOnline

Database configuration loaded successfully from sys.xml.

====================================================================================================
Date/Time        : 2026-07-23 00:14:45

Application      : Store_Online

Machine Name     : JOINCODER-SV
Windows User     : REAN-Demo

Working Folder   : D:\_Dev_DeskApp\Store_Online\Store_Online\bin\Debug\net8.0-windows\

Title            : Configuration GarageOnline

Database configuration loaded successfully from sys.xml.

====================================================================================================
Date/Time        : 2026-07-23 21:42:20

Application      : Store_Online

Machine Name     : JOINCODER-SV
Windows User     : REAN-Demo

Working Folder   : D:\_Dev_DeskApp\Store_Online\Store_Online\bin\Debug\net8.0-windows\

Title            : Configuration GarageOnline

Database configuration loaded successfully from sys.xml.

====================================================================================================
Date/Time        : 2026-07-23 21:42:45

Application      : Store_Online

Machine Name     : JOINCODER-SV
Windows User     : REAN-Demo

Working Folder   : D:\_Dev_DeskApp\Store_Online\Store_Online\bin\Debug\net8.0-windows\

Title            : Configuration GarageOnline

Database configuration loaded successfully from sys.xml.

====================================================================================================
Date/Time        : 2026-07-23 21:52:06

Application      : Store_Online

Machine Name     : JOINCODER-SV
Windows User     : REAN-Demo

Working Folder   : D:\_Dev_DeskApp\Store_Online\Store_Online\bin\Debug\net8.0-windows\

Title            : Configuration GarageOnline

Database configuration loaded successfully from sys.xml.

====================================================================================================
Date/Time        : 2026-07-23 21:52:54

Application      : Store_Online

Machine Name     : JOINCODER-SV
Windows User     : REAN-Demo

Working Folder   : D:\_Dev_DeskApp\Store_Online\Store_Online\bin\Debug\net8.0-windows\

Title            : Configuration GarageOnline

Database configuration loaded successfully from sys.xml.

====================================================================================================
Date/Time        : 2026-07-23 22:23:50

Application      : Store_Online

Machine Name     : JOINCODER-SV
Windows User     : REAN-Demo

Working Folder   : D:\_Dev_DeskApp\Store_Online\Store_Online\bin\Debug\net8.0-windows\

Title            : Configuration GarageOnline

Database configuration loaded successfully from sys.xml.

====================================================================================================
Date/Time        : 2026-07-23 22:26:08

Application      : Store_Online

Machine Name     : JOINCODER-SV
Windows User     : REAN-Demo

Working Folder   : D:\_Dev_DeskApp\Store_Online\Store_Online\bin\Debug\net8.0-windows\

Title            : Configuration GarageOnline

Database configuration loaded successfully from sys.xml.

====================================================================================================
Date/Time        : 2026-07-23 22:27:58

Application      : Store_Online

Machine Name     : JOINCODER-SV
Windows User     : REAN-Demo

Working Folder   : D:\_Dev_DeskApp\Store_Online\Store_Online\bin\Debug\net8.0-windows\

Title            : Configuration GarageOnline

Database configuration loaded successfully from sys.xml.

====================================================================================================
Date/Time        : 2026-07-23 22:31:16

Application      : Store_Online

Machine Name     : JOINCODER-SV
Windows User     : REAN-Demo

Working Folder   : D:\_Dev_DeskApp\Store_Online\Store_Online\bin\Debug\net8.0-windows\

Title            : Configuration GarageOnline

Database configuration loaded successfully from sys.xml.

====================================================================================================
Date/Time        : 2026-07-23 22:33:42

Application      : Store_Online

Machine Name     : JOINCODER-SV
Windows User     : REAN-Demo

Working Folder   : D:\_Dev_DeskApp\Store_Online\Store_Online\bin\Debug\net8.0-windows\

Title            : Configuration GarageOnline

Database configuration loaded successfully from sys.xml.

====================================================================================================
Date/Time        : 2026-07-23 22:34:19

Application      : Store_Online

Machine Name     : JOINCODER-SV
Windows User     : REAN-Demo

Working Folder   : D:\_Dev_DeskApp\Store_Online\Store_Online\bin\Debug\net8.0-windows\

Title            : Configuration GarageOnline

Database configuration loaded successfully from sys.xml.

====================================================================================================
Date/Time        : 2026-07-23 22:34:26

Application      : Store_Online

Machine Name     : JOINCODER-SV
Windows User     : REAN-Demo

Working Folder   : D:\_Dev_DeskApp\Store_Online\Store_Online\bin\Debug\net8.0-windows\

Title            : Configuration GarageOnline

Database configuration loaded successfully from sys.xml.

====================================================================================================
Date/Time        : 2026-07-23 22:34:52

Application      : Store_Online

Machine Name     : JOINCODER-SV
Windows User     : REAN-Demo

Working Folder   : D:\_Dev_DeskApp\Store_Online\Store_Online\bin\Debug\net8.0-windows\

Title            : Configuration GarageOnline

Database configuration loaded successfully from sys.xml.

====================================================================================================
Date/Time        : 2026-07-23 22:35:44

Application      : Store_Online

Machine Name     : JOINCODER-SV
Windows User     : REAN-Demo

Working Folder   : D:\_Dev_DeskApp\Store_Online\Store_Online\bin\Debug\net8.0-windows\

Title            : Configuration GarageOnline

Database configuration loaded successfully from sys.xml.

====================================================================================================
Date/Time        : 2026-07-23 22:46:57

Application      : Store_Online

Machine Name     : JOINCODER-SV
Windows User     : REAN-Demo

Working Folder   : D:\_Dev_DeskApp\Store_Online\Store_Online\bin\Debug\net8.0-windows\

Title            : Configuration GarageOnline

Database configuration loaded successfully from sys.xml.

====================================================================================================
Date/Time        : 2026-07-23 22:47:27

Application      : Store_Online

Machine Name     : JOINCODER-SV
Windows User     : REAN-Demo

Working Folder   : D:\_Dev_DeskApp\Store_Online\Store_Online\bin\Debug\net8.0-windows\

Title            : Configuration GarageOnline

Database configuration loaded successfully from sys.xml.

====================================================================================================
Date/Time        : 2026-07-23 22:48:47

Application      : Store_Online

Machine Name     : JOINCODER-SV
Windows User     : REAN-Demo

Working Folder   : D:\_Dev_DeskApp\Store_Online\Store_Online\bin\Debug\net8.0-windows\

Title            : Configuration GarageOnline

Database configuration loaded successfully from sys.xml.

====================================================================================================
Date/Time        : 2026-07-23 22:56:22

Application      : Store_Online

Machine Name     : JOINCODER-SV
Windows User     : REAN-Demo

Working Folder   : D:\_Dev_DeskApp\Store_Online\Store_Online\bin\Debug\net8.0-windows\

Title            : Configuration GarageOnline

Database configuration loaded successfully from sys.xml.

====================================================================================================
Date/Time        : 2026-07-23 22:57:28

Application      : Store_Online

Machine Name     : JOINCODER-SV
Windows User     : REAN-Demo

Working Folder   : D:\_Dev_DeskApp\Store_Online\Store_Online\bin\Debug\net8.0-windows\

Title            : Configuration GarageOnline

Database configuration loaded successfully from sys.xml.

====================================================================================================
Date/Time        : 2026-07-23 23:08:14

Application      : Store_Online

Machine Name     : JOINCODER-SV
Windows User     : REAN-Demo

Working Folder   : D:\_Dev_DeskApp\Store_Online\Store_Online\bin\Debug\net8.0-windows\

Title            : Configuration GarageOnline

Database configuration loaded successfully from sys.xml.

====================================================================================================
Date/Time        : 2026-07-23 23:08:26

Application      : Store_Online

Machine Name     : JOINCODER-SV
Windows User     : REAN-Demo

Working Folder   : D:\_Dev_DeskApp\Store_Online\Store_Online\bin\Debug\net8.0-windows\

Title            : Configuration GarageOnline

Database configuration loaded successfully from sys.xml.

====================================================================================================
Date/Time        : 2026-07-23 23:18:13

Application      : Store_Online

Machine Name     : JOINCODER-SV
Windows User     : REAN-Demo

Working Folder   : D:\_Dev_DeskApp\Store_Online\Store_Online\bin\Debug\net8.0-windows\

Title            : Configuration GarageOnline

Database configuration loaded successfully from sys.xml.

====================================================================================================
Date/Time        : 2026-07-23 23:19:37

Application      : Store_Online

Machine Name     : JOINCODER-SV
Windows User     : REAN-Demo

Working Folder   : D:\_Dev_DeskApp\Store_Online\Store_Online\bin\Debug\net8.0-windows\

Title            : Configuration GarageOnline

Database configuration loaded successfully from sys.xml.

====================================================================================================
Date/Time        : 2026-07-23 23:24:30

Application      : Store_Online

Machine Name     : JOINCODER-SV
Windows User     : REAN-Demo

Working Folder   : D:\_Dev_DeskApp\Store_Online\Store_Online\bin\Debug\net8.0-windows\

Title            : Configuration GarageOnline

Database configuration loaded successfully from sys.xml.

====================================================================================================
Date/Time        : 2026-07-23 23:24:34

Application      : Store_Online

Machine Name     : JOINCODER-SV
Windows User     : REAN-Demo

Working Folder   : D:\_Dev_DeskApp\Store_Online\Store_Online\bin\Debug\net8.0-windows\

Title            : SqlExecutor.Query

SQL
--------------------------------------------------------------------------------

SELECT
    id,
    language_code,
    culture_code,
    language_name,
    native_name,
    resource_file,
    flag_icon,
    sort_order,
    is_default,
    is_active
FROM sys_languages
WHERE is_active = 1
ORDER BY sort_order;

Type            : Microsoft.Data.SqlClient.SqlException
Message         : A connection was successfully established with the server, but then an error occurred during the login process. (provider: Shared Memory Provider, error: 0 - No process is on the other end of the pipe.)
Source          : Core Microsoft SqlClient Data Provider
TargetSite      : Void OnError(Microsoft.Data.SqlClient.SqlException, Boolean, System.Action`1[System.Action])

StackTrace
   at Microsoft.Data.SqlClient.Connection.SqlConnectionInternal.OnError(SqlException exception, Boolean breakConnection, Action`1 wrapCloseInAction)
   at Microsoft.Data.SqlClient.TdsParser.ThrowExceptionAndWarning(TdsParserStateObject stateObj, SqlCommand command, Boolean callerHasConnectionLock, Boolean asyncClose)
   at Microsoft.Data.SqlClient.TdsParserStateObject.ThrowExceptionAndWarning(Boolean callerHasConnectionLock, Boolean asyncClose)
   at Microsoft.Data.SqlClient.TdsParserStateObject.ReadSniError(TdsParserStateObject stateObj, UInt32 error)
   at Microsoft.Data.SqlClient.TdsParserStateObject.ReadSniSyncOverAsync()
   at Microsoft.Data.SqlClient.TdsParserStateObject.TryReadNetworkPacket()
   at Microsoft.Data.SqlClient.TdsParserStateObject.TryPrepareBuffer()
   at Microsoft.Data.SqlClient.TdsParserStateObject.TryReadByte(Byte& value)
   at Microsoft.Data.SqlClient.TdsParser.TryRun(RunBehavior runBehavior, SqlCommand cmdHandler, SqlDataReader dataStream, BulkCopySimpleResultSet bulkCopyHandler, TdsParserStateObject stateObj, Boolean& dataReady)
   at Microsoft.Data.SqlClient.TdsParser.Run(RunBehavior runBehavior, SqlCommand cmdHandler, SqlDataReader dataStream, BulkCopySimpleResultSet bulkCopyHandler, TdsParserStateObject stateObj)
   at Microsoft.Data.SqlClient.Connection.SqlConnectionInternal.CompleteLogin(Boolean enlistOK)
   at Microsoft.Data.SqlClient.Connection.SqlConnectionInternal.AttemptOneLogin(ServerInfo serverInfo, String newPassword, SecureString newSecurePassword, TimeoutTimer timeout, Boolean withFailover)
   at Microsoft.Data.SqlClient.Connection.SqlConnectionInternal.LoginNoFailover(ServerInfo serverInfo, String newPassword, SecureString newSecurePassword, Boolean redirectedUserInstance, SqlConnectionString connectionOptions, SqlCredential credential, TimeoutTimer timeout)
   at Microsoft.Data.SqlClient.Connection.SqlConnectionInternal.OpenLoginEnlist(TimeoutTimer timeout, SqlConnectionString connectionOptions, SqlCredential credential, String newPassword, SecureString newSecurePassword, Boolean redirectedUserInstance)
   at Microsoft.Data.SqlClient.Connection.SqlConnectionInternal..ctor(DbConnectionPoolIdentity identity, SqlConnectionString connectionOptions, SqlCredential credential, DbConnectionPoolGroupProviderInfo providerInfo, String newPassword, SecureString newSecurePassword, Boolean redirectedUserInstance, SqlConnectionString userConnectionOptions, SessionData reconnectSessionData, Boolean applyTransientFaultHandling, String accessToken, IDbConnectionPool pool, Func`3 accessTokenCallback, SspiContextProvider sspiContextProvider)
   at Microsoft.Data.SqlClient.SqlConnectionFactory.CreateConnection(DbConnectionOptions options, DbConnectionPoolKey poolKey, DbConnectionPoolGroupProviderInfo poolGroupProviderInfo, IDbConnectionPool pool, DbConnection owningConnection, DbConnectionOptions userOptions)
   at Microsoft.Data.SqlClient.SqlConnectionFactory.CreatePooledConnection(DbConnection owningConnection, IDbConnectionPool pool, DbConnectionPoolKey poolKey, DbConnectionOptions options, DbConnectionOptions userOptions)
   at Microsoft.Data.SqlClient.ConnectionPool.WaitHandleDbConnectionPool.CreateObject(DbConnection owningObject, DbConnectionOptions userOptions, DbConnectionInternal oldConnection)
   at Microsoft.Data.SqlClient.ConnectionPool.WaitHandleDbConnectionPool.UserCreateRequest(DbConnection owningObject, DbConnectionOptions userOptions, DbConnectionInternal oldConnection)
   at Microsoft.Data.SqlClient.ConnectionPool.WaitHandleDbConnectionPool.TryGetConnection(DbConnection owningObject, UInt32 waitForMultipleObjectsTimeout, Boolean allowCreate, Boolean onlyOneCheckConnection, DbConnectionOptions userOptions, DbConnectionInternal& connection)
   at Microsoft.Data.SqlClient.ConnectionPool.WaitHandleDbConnectionPool.TryGetConnection(DbConnection owningObject, TaskCompletionSource`1 taskCompletionSource, DbConnectionOptions userOptions, DbConnectionInternal& connection)
   at Microsoft.Data.SqlClient.SqlConnectionFactory.TryGetConnection(DbConnection owningConnection, TaskCompletionSource`1 retry, DbConnectionOptions userOptions, DbConnectionInternal oldConnection, DbConnectionInternal& connection)
   at Microsoft.Data.ProviderBase.DbConnectionInternal.TryOpenConnectionInternal(DbConnection outerConnection, SqlConnectionFactory connectionFactory, TaskCompletionSource`1 retry, DbConnectionOptions userOptions)
   at Microsoft.Data.ProviderBase.DbConnectionClosed.TryOpenConnection(DbConnection outerConnection, SqlConnectionFactory connectionFactory, TaskCompletionSource`1 retry, DbConnectionOptions userOptions)
   at Microsoft.Data.SqlClient.SqlConnection.TryOpenInner(TaskCompletionSource`1 retry)
   at Microsoft.Data.SqlClient.SqlConnection.TryOpen(TaskCompletionSource`1 retry, SqlConnectionOverrides overrides)
   at Microsoft.Data.SqlClient.SqlConnection.Open(SqlConnectionOverrides overrides)
   at Microsoft.Data.SqlClient.SqlConnection.Open()
   at Store_Online.Core.Database.DbConnectionFactory.CreateOpenConnection() in D:\_Dev_DeskApp\Store_Online\Store_Online\Core\Database\DbConnectionFactory.cs:line 28
   at Store_Online.Core.Database.SqlExecutor.Query(String sql, CommandType commandType, SqlParameter[] parameters) in D:\_Dev_DeskApp\Store_Online\Store_Online\Core\Database\SqlExecutor.cs:line 55

Type            : System.ComponentModel.Win32Exception
Message         : No process is on the other end of the pipe.
Source          : 
TargetSite      : 

StackTrace



====================================================================================================
Date/Time        : 2026-07-23 23:26:26

Application      : Store_Online

Machine Name     : JOINCODER-SV
Windows User     : REAN-Demo

Working Folder   : D:\_Dev_DeskApp\Store_Online\Store_Online\bin\Debug\net8.0-windows\

Title            : Configuration GarageOnline

Database configuration loaded successfully from sys.xml.

====================================================================================================
Date/Time        : 2026-07-23 23:26:29

Application      : Store_Online

Machine Name     : JOINCODER-SV
Windows User     : REAN-Demo

Working Folder   : D:\_Dev_DeskApp\Store_Online\Store_Online\bin\Debug\net8.0-windows\

Title            : SqlExecutor.Query

SQL
--------------------------------------------------------------------------------

SELECT
    id,
    language_code,
    culture_code,
    language_name,
    native_name,
    resource_file,
    flag_icon,
    sort_order,
    is_default,
    is_active
FROM sys_languages
WHERE is_active = 1
ORDER BY sort_order;

Type            : Microsoft.Data.SqlClient.SqlException
Message         : A connection was successfully established with the server, but then an error occurred during the login process. (provider: Shared Memory Provider, error: 0 - No process is on the other end of the pipe.)
Source          : Core Microsoft SqlClient Data Provider
TargetSite      : Void OnError(Microsoft.Data.SqlClient.SqlException, Boolean, System.Action`1[System.Action])

StackTrace
   at Microsoft.Data.SqlClient.Connection.SqlConnectionInternal.OnError(SqlException exception, Boolean breakConnection, Action`1 wrapCloseInAction)
   at Microsoft.Data.SqlClient.TdsParser.ThrowExceptionAndWarning(TdsParserStateObject stateObj, SqlCommand command, Boolean callerHasConnectionLock, Boolean asyncClose)
   at Microsoft.Data.SqlClient.TdsParserStateObject.ThrowExceptionAndWarning(Boolean callerHasConnectionLock, Boolean asyncClose)
   at Microsoft.Data.SqlClient.TdsParserStateObject.ReadSniError(TdsParserStateObject stateObj, UInt32 error)
   at Microsoft.Data.SqlClient.TdsParserStateObject.ReadSniSyncOverAsync()
   at Microsoft.Data.SqlClient.TdsParserStateObject.TryReadNetworkPacket()
   at Microsoft.Data.SqlClient.TdsParserStateObject.TryPrepareBuffer()
   at Microsoft.Data.SqlClient.TdsParserStateObject.TryReadByte(Byte& value)
   at Microsoft.Data.SqlClient.TdsParser.TryRun(RunBehavior runBehavior, SqlCommand cmdHandler, SqlDataReader dataStream, BulkCopySimpleResultSet bulkCopyHandler, TdsParserStateObject stateObj, Boolean& dataReady)
   at Microsoft.Data.SqlClient.TdsParser.Run(RunBehavior runBehavior, SqlCommand cmdHandler, SqlDataReader dataStream, BulkCopySimpleResultSet bulkCopyHandler, TdsParserStateObject stateObj)
   at Microsoft.Data.SqlClient.Connection.SqlConnectionInternal.CompleteLogin(Boolean enlistOK)
   at Microsoft.Data.SqlClient.Connection.SqlConnectionInternal.AttemptOneLogin(ServerInfo serverInfo, String newPassword, SecureString newSecurePassword, TimeoutTimer timeout, Boolean withFailover)
   at Microsoft.Data.SqlClient.Connection.SqlConnectionInternal.LoginNoFailover(ServerInfo serverInfo, String newPassword, SecureString newSecurePassword, Boolean redirectedUserInstance, SqlConnectionString connectionOptions, SqlCredential credential, TimeoutTimer timeout)
   at Microsoft.Data.SqlClient.Connection.SqlConnectionInternal.OpenLoginEnlist(TimeoutTimer timeout, SqlConnectionString connectionOptions, SqlCredential credential, String newPassword, SecureString newSecurePassword, Boolean redirectedUserInstance)
   at Microsoft.Data.SqlClient.Connection.SqlConnectionInternal..ctor(DbConnectionPoolIdentity identity, SqlConnectionString connectionOptions, SqlCredential credential, DbConnectionPoolGroupProviderInfo providerInfo, String newPassword, SecureString newSecurePassword, Boolean redirectedUserInstance, SqlConnectionString userConnectionOptions, SessionData reconnectSessionData, Boolean applyTransientFaultHandling, String accessToken, IDbConnectionPool pool, Func`3 accessTokenCallback, SspiContextProvider sspiContextProvider)
   at Microsoft.Data.SqlClient.SqlConnectionFactory.CreateConnection(DbConnectionOptions options, DbConnectionPoolKey poolKey, DbConnectionPoolGroupProviderInfo poolGroupProviderInfo, IDbConnectionPool pool, DbConnection owningConnection, DbConnectionOptions userOptions)
   at Microsoft.Data.SqlClient.SqlConnectionFactory.CreatePooledConnection(DbConnection owningConnection, IDbConnectionPool pool, DbConnectionPoolKey poolKey, DbConnectionOptions options, DbConnectionOptions userOptions)
   at Microsoft.Data.SqlClient.ConnectionPool.WaitHandleDbConnectionPool.CreateObject(DbConnection owningObject, DbConnectionOptions userOptions, DbConnectionInternal oldConnection)
   at Microsoft.Data.SqlClient.ConnectionPool.WaitHandleDbConnectionPool.UserCreateRequest(DbConnection owningObject, DbConnectionOptions userOptions, DbConnectionInternal oldConnection)
   at Microsoft.Data.SqlClient.ConnectionPool.WaitHandleDbConnectionPool.TryGetConnection(DbConnection owningObject, UInt32 waitForMultipleObjectsTimeout, Boolean allowCreate, Boolean onlyOneCheckConnection, DbConnectionOptions userOptions, DbConnectionInternal& connection)
   at Microsoft.Data.SqlClient.ConnectionPool.WaitHandleDbConnectionPool.TryGetConnection(DbConnection owningObject, TaskCompletionSource`1 taskCompletionSource, DbConnectionOptions userOptions, DbConnectionInternal& connection)
   at Microsoft.Data.SqlClient.SqlConnectionFactory.TryGetConnection(DbConnection owningConnection, TaskCompletionSource`1 retry, DbConnectionOptions userOptions, DbConnectionInternal oldConnection, DbConnectionInternal& connection)
   at Microsoft.Data.ProviderBase.DbConnectionInternal.TryOpenConnectionInternal(DbConnection outerConnection, SqlConnectionFactory connectionFactory, TaskCompletionSource`1 retry, DbConnectionOptions userOptions)
   at Microsoft.Data.ProviderBase.DbConnectionClosed.TryOpenConnection(DbConnection outerConnection, SqlConnectionFactory connectionFactory, TaskCompletionSource`1 retry, DbConnectionOptions userOptions)
   at Microsoft.Data.SqlClient.SqlConnection.TryOpenInner(TaskCompletionSource`1 retry)
   at Microsoft.Data.SqlClient.SqlConnection.TryOpen(TaskCompletionSource`1 retry, SqlConnectionOverrides overrides)
   at Microsoft.Data.SqlClient.SqlConnection.Open(SqlConnectionOverrides overrides)
   at Microsoft.Data.SqlClient.SqlConnection.Open()
   at Store_Online.Core.Database.DbConnectionFactory.CreateOpenConnection() in D:\_Dev_DeskApp\Store_Online\Store_Online\Core\Database\DbConnectionFactory.cs:line 28
   at Store_Online.Core.Database.SqlExecutor.Query(String sql, CommandType commandType, SqlParameter[] parameters) in D:\_Dev_DeskApp\Store_Online\Store_Online\Core\Database\SqlExecutor.cs:line 55

Type            : System.ComponentModel.Win32Exception
Message         : No process is on the other end of the pipe.
Source          : 
TargetSite      : 

StackTrace



====================================================================================================
Date/Time        : 2026-07-23 23:26:51

Application      : Store_Online

Machine Name     : JOINCODER-SV
Windows User     : REAN-Demo

Working Folder   : D:\_Dev_DeskApp\Store_Online\Store_Online\bin\Debug\net8.0-windows\

Title            : Configuration GarageOnline

Database configuration loaded successfully from sys.xml.

====================================================================================================
Date/Time        : 2026-07-23 23:32:29

Application      : Store_Online

Machine Name     : JOINCODER-SV
Windows User     : REAN-Demo

Working Folder   : D:\_Dev_DeskApp\Store_Online\Store_Online\bin\Debug\net8.0-windows\

Title            : Configuration GarageOnline

Database configuration loaded successfully from sys.xml.

====================================================================================================
Date/Time        : 2026-07-23 23:33:11

Application      : Store_Online

Machine Name     : JOINCODER-SV
Windows User     : REAN-Demo

Working Folder   : D:\_Dev_DeskApp\Store_Online\Store_Online\bin\Debug\net8.0-windows\

Title            : Configuration GarageOnline

Database configuration loaded successfully from sys.xml.

====================================================================================================
Date/Time        : 2026-07-23 23:33:17

Application      : Store_Online

Machine Name     : JOINCODER-SV
Windows User     : REAN-Demo

Working Folder   : D:\_Dev_DeskApp\Store_Online\Store_Online\bin\Debug\net8.0-windows\

Title            : SqlExecutor.Query

SQL
--------------------------------------------------------------------------------

SELECT
    id,
    language_code,
    culture_code,
    language_name,
    native_name,
    resource_file,
    flag_icon,
    sort_order,
    is_default,
    is_active
FROM sys_languages
WHERE is_active = 1
ORDER BY sort_order;

Type            : Microsoft.Data.SqlClient.SqlException
Message         : A connection was successfully established with the server, but then an error occurred during the login process. (provider: Shared Memory Provider, error: 0 - No process is on the other end of the pipe.)
Source          : Core Microsoft SqlClient Data Provider
TargetSite      : Void OnError(Microsoft.Data.SqlClient.SqlException, Boolean, System.Action`1[System.Action])

StackTrace
   at Microsoft.Data.SqlClient.Connection.SqlConnectionInternal.OnError(SqlException exception, Boolean breakConnection, Action`1 wrapCloseInAction)
   at Microsoft.Data.SqlClient.TdsParser.ThrowExceptionAndWarning(TdsParserStateObject stateObj, SqlCommand command, Boolean callerHasConnectionLock, Boolean asyncClose)
   at Microsoft.Data.SqlClient.TdsParserStateObject.ThrowExceptionAndWarning(Boolean callerHasConnectionLock, Boolean asyncClose)
   at Microsoft.Data.SqlClient.TdsParserStateObject.ReadSniError(TdsParserStateObject stateObj, UInt32 error)
   at Microsoft.Data.SqlClient.TdsParserStateObject.ReadSniSyncOverAsync()
   at Microsoft.Data.SqlClient.TdsParserStateObject.TryReadNetworkPacket()
   at Microsoft.Data.SqlClient.TdsParserStateObject.TryPrepareBuffer()
   at Microsoft.Data.SqlClient.TdsParserStateObject.TryReadByte(Byte& value)
   at Microsoft.Data.SqlClient.TdsParser.TryRun(RunBehavior runBehavior, SqlCommand cmdHandler, SqlDataReader dataStream, BulkCopySimpleResultSet bulkCopyHandler, TdsParserStateObject stateObj, Boolean& dataReady)
   at Microsoft.Data.SqlClient.TdsParser.Run(RunBehavior runBehavior, SqlCommand cmdHandler, SqlDataReader dataStream, BulkCopySimpleResultSet bulkCopyHandler, TdsParserStateObject stateObj)
   at Microsoft.Data.SqlClient.Connection.SqlConnectionInternal.CompleteLogin(Boolean enlistOK)
   at Microsoft.Data.SqlClient.Connection.SqlConnectionInternal.AttemptOneLogin(ServerInfo serverInfo, String newPassword, SecureString newSecurePassword, TimeoutTimer timeout, Boolean withFailover)
   at Microsoft.Data.SqlClient.Connection.SqlConnectionInternal.LoginNoFailover(ServerInfo serverInfo, String newPassword, SecureString newSecurePassword, Boolean redirectedUserInstance, SqlConnectionString connectionOptions, SqlCredential credential, TimeoutTimer timeout)
   at Microsoft.Data.SqlClient.Connection.SqlConnectionInternal.OpenLoginEnlist(TimeoutTimer timeout, SqlConnectionString connectionOptions, SqlCredential credential, String newPassword, SecureString newSecurePassword, Boolean redirectedUserInstance)
   at Microsoft.Data.SqlClient.Connection.SqlConnectionInternal..ctor(DbConnectionPoolIdentity identity, SqlConnectionString connectionOptions, SqlCredential credential, DbConnectionPoolGroupProviderInfo providerInfo, String newPassword, SecureString newSecurePassword, Boolean redirectedUserInstance, SqlConnectionString userConnectionOptions, SessionData reconnectSessionData, Boolean applyTransientFaultHandling, String accessToken, IDbConnectionPool pool, Func`3 accessTokenCallback, SspiContextProvider sspiContextProvider)
   at Microsoft.Data.SqlClient.SqlConnectionFactory.CreateConnection(DbConnectionOptions options, DbConnectionPoolKey poolKey, DbConnectionPoolGroupProviderInfo poolGroupProviderInfo, IDbConnectionPool pool, DbConnection owningConnection, DbConnectionOptions userOptions)
   at Microsoft.Data.SqlClient.SqlConnectionFactory.CreatePooledConnection(DbConnection owningConnection, IDbConnectionPool pool, DbConnectionPoolKey poolKey, DbConnectionOptions options, DbConnectionOptions userOptions)
   at Microsoft.Data.SqlClient.ConnectionPool.WaitHandleDbConnectionPool.CreateObject(DbConnection owningObject, DbConnectionOptions userOptions, DbConnectionInternal oldConnection)
   at Microsoft.Data.SqlClient.ConnectionPool.WaitHandleDbConnectionPool.UserCreateRequest(DbConnection owningObject, DbConnectionOptions userOptions, DbConnectionInternal oldConnection)
   at Microsoft.Data.SqlClient.ConnectionPool.WaitHandleDbConnectionPool.TryGetConnection(DbConnection owningObject, UInt32 waitForMultipleObjectsTimeout, Boolean allowCreate, Boolean onlyOneCheckConnection, DbConnectionOptions userOptions, DbConnectionInternal& connection)
   at Microsoft.Data.SqlClient.ConnectionPool.WaitHandleDbConnectionPool.TryGetConnection(DbConnection owningObject, TaskCompletionSource`1 taskCompletionSource, DbConnectionOptions userOptions, DbConnectionInternal& connection)
   at Microsoft.Data.SqlClient.SqlConnectionFactory.TryGetConnection(DbConnection owningConnection, TaskCompletionSource`1 retry, DbConnectionOptions userOptions, DbConnectionInternal oldConnection, DbConnectionInternal& connection)
   at Microsoft.Data.ProviderBase.DbConnectionInternal.TryOpenConnectionInternal(DbConnection outerConnection, SqlConnectionFactory connectionFactory, TaskCompletionSource`1 retry, DbConnectionOptions userOptions)
   at Microsoft.Data.ProviderBase.DbConnectionClosed.TryOpenConnection(DbConnection outerConnection, SqlConnectionFactory connectionFactory, TaskCompletionSource`1 retry, DbConnectionOptions userOptions)
   at Microsoft.Data.SqlClient.SqlConnection.TryOpenInner(TaskCompletionSource`1 retry)
   at Microsoft.Data.SqlClient.SqlConnection.TryOpen(TaskCompletionSource`1 retry, SqlConnectionOverrides overrides)
   at Microsoft.Data.SqlClient.SqlConnection.Open(SqlConnectionOverrides overrides)
   at Microsoft.Data.SqlClient.SqlConnection.Open()
   at Store_Online.Core.Database.DbConnectionFactory.CreateOpenConnection() in D:\_Dev_DeskApp\Store_Online\Store_Online\Core\Database\DbConnectionFactory.cs:line 28
   at Store_Online.Core.Database.SqlExecutor.Query(String sql, CommandType commandType, SqlParameter[] parameters) in D:\_Dev_DeskApp\Store_Online\Store_Online\Core\Database\SqlExecutor.cs:line 55

Type            : System.ComponentModel.Win32Exception
Message         : No process is on the other end of the pipe.
Source          : 
TargetSite      : 

StackTrace



====================================================================================================
Date/Time        : 2026-07-23 23:33:31

Application      : Store_Online

Machine Name     : JOINCODER-SV
Windows User     : REAN-Demo

Working Folder   : D:\_Dev_DeskApp\Store_Online\Store_Online\bin\Debug\net8.0-windows\

Title            : Configuration GarageOnline

Database configuration loaded successfully from sys.xml.

====================================================================================================
Date/Time        : 2026-07-23 23:33:40

Application      : Store_Online

Machine Name     : JOINCODER-SV
Windows User     : REAN-Demo

Working Folder   : D:\_Dev_DeskApp\Store_Online\Store_Online\bin\Debug\net8.0-windows\

Title            : SqlExecutor.Query

SQL
--------------------------------------------------------------------------------

SELECT
    id,
    language_code,
    culture_code,
    language_name,
    native_name,
    resource_file,
    flag_icon,
    sort_order,
    is_default,
    is_active
FROM sys_languages
WHERE is_active = 1
ORDER BY sort_order;

Type            : Microsoft.Data.SqlClient.SqlException
Message         : A connection was successfully established with the server, but then an error occurred during the login process. (provider: Shared Memory Provider, error: 0 - No process is on the other end of the pipe.)
Source          : Core Microsoft SqlClient Data Provider
TargetSite      : Void OnError(Microsoft.Data.SqlClient.SqlException, Boolean, System.Action`1[System.Action])

StackTrace
   at Microsoft.Data.SqlClient.Connection.SqlConnectionInternal.OnError(SqlException exception, Boolean breakConnection, Action`1 wrapCloseInAction)
   at Microsoft.Data.SqlClient.TdsParser.ThrowExceptionAndWarning(TdsParserStateObject stateObj, SqlCommand command, Boolean callerHasConnectionLock, Boolean asyncClose)
   at Microsoft.Data.SqlClient.TdsParserStateObject.ThrowExceptionAndWarning(Boolean callerHasConnectionLock, Boolean asyncClose)
   at Microsoft.Data.SqlClient.TdsParserStateObject.ReadSniError(TdsParserStateObject stateObj, UInt32 error)
   at Microsoft.Data.SqlClient.TdsParserStateObject.ReadSniSyncOverAsync()
   at Microsoft.Data.SqlClient.TdsParserStateObject.TryReadNetworkPacket()
   at Microsoft.Data.SqlClient.TdsParserStateObject.TryPrepareBuffer()
   at Microsoft.Data.SqlClient.TdsParserStateObject.TryReadByte(Byte& value)
   at Microsoft.Data.SqlClient.TdsParser.TryRun(RunBehavior runBehavior, SqlCommand cmdHandler, SqlDataReader dataStream, BulkCopySimpleResultSet bulkCopyHandler, TdsParserStateObject stateObj, Boolean& dataReady)
   at Microsoft.Data.SqlClient.TdsParser.Run(RunBehavior runBehavior, SqlCommand cmdHandler, SqlDataReader dataStream, BulkCopySimpleResultSet bulkCopyHandler, TdsParserStateObject stateObj)
   at Microsoft.Data.SqlClient.Connection.SqlConnectionInternal.CompleteLogin(Boolean enlistOK)
   at Microsoft.Data.SqlClient.Connection.SqlConnectionInternal.AttemptOneLogin(ServerInfo serverInfo, String newPassword, SecureString newSecurePassword, TimeoutTimer timeout, Boolean withFailover)
   at Microsoft.Data.SqlClient.Connection.SqlConnectionInternal.LoginNoFailover(ServerInfo serverInfo, String newPassword, SecureString newSecurePassword, Boolean redirectedUserInstance, SqlConnectionString connectionOptions, SqlCredential credential, TimeoutTimer timeout)
   at Microsoft.Data.SqlClient.Connection.SqlConnectionInternal.OpenLoginEnlist(TimeoutTimer timeout, SqlConnectionString connectionOptions, SqlCredential credential, String newPassword, SecureString newSecurePassword, Boolean redirectedUserInstance)
   at Microsoft.Data.SqlClient.Connection.SqlConnectionInternal..ctor(DbConnectionPoolIdentity identity, SqlConnectionString connectionOptions, SqlCredential credential, DbConnectionPoolGroupProviderInfo providerInfo, String newPassword, SecureString newSecurePassword, Boolean redirectedUserInstance, SqlConnectionString userConnectionOptions, SessionData reconnectSessionData, Boolean applyTransientFaultHandling, String accessToken, IDbConnectionPool pool, Func`3 accessTokenCallback, SspiContextProvider sspiContextProvider)
   at Microsoft.Data.SqlClient.SqlConnectionFactory.CreateConnection(DbConnectionOptions options, DbConnectionPoolKey poolKey, DbConnectionPoolGroupProviderInfo poolGroupProviderInfo, IDbConnectionPool pool, DbConnection owningConnection, DbConnectionOptions userOptions)
   at Microsoft.Data.SqlClient.SqlConnectionFactory.CreatePooledConnection(DbConnection owningConnection, IDbConnectionPool pool, DbConnectionPoolKey poolKey, DbConnectionOptions options, DbConnectionOptions userOptions)
   at Microsoft.Data.SqlClient.ConnectionPool.WaitHandleDbConnectionPool.CreateObject(DbConnection owningObject, DbConnectionOptions userOptions, DbConnectionInternal oldConnection)
   at Microsoft.Data.SqlClient.ConnectionPool.WaitHandleDbConnectionPool.UserCreateRequest(DbConnection owningObject, DbConnectionOptions userOptions, DbConnectionInternal oldConnection)
   at Microsoft.Data.SqlClient.ConnectionPool.WaitHandleDbConnectionPool.TryGetConnection(DbConnection owningObject, UInt32 waitForMultipleObjectsTimeout, Boolean allowCreate, Boolean onlyOneCheckConnection, DbConnectionOptions userOptions, DbConnectionInternal& connection)
   at Microsoft.Data.SqlClient.ConnectionPool.WaitHandleDbConnectionPool.TryGetConnection(DbConnection owningObject, TaskCompletionSource`1 taskCompletionSource, DbConnectionOptions userOptions, DbConnectionInternal& connection)
   at Microsoft.Data.SqlClient.SqlConnectionFactory.TryGetConnection(DbConnection owningConnection, TaskCompletionSource`1 retry, DbConnectionOptions userOptions, DbConnectionInternal oldConnection, DbConnectionInternal& connection)
   at Microsoft.Data.ProviderBase.DbConnectionInternal.TryOpenConnectionInternal(DbConnection outerConnection, SqlConnectionFactory connectionFactory, TaskCompletionSource`1 retry, DbConnectionOptions userOptions)
   at Microsoft.Data.ProviderBase.DbConnectionClosed.TryOpenConnection(DbConnection outerConnection, SqlConnectionFactory connectionFactory, TaskCompletionSource`1 retry, DbConnectionOptions userOptions)
   at Microsoft.Data.SqlClient.SqlConnection.TryOpenInner(TaskCompletionSource`1 retry)
   at Microsoft.Data.SqlClient.SqlConnection.TryOpen(TaskCompletionSource`1 retry, SqlConnectionOverrides overrides)
   at Microsoft.Data.SqlClient.SqlConnection.Open(SqlConnectionOverrides overrides)
   at Microsoft.Data.SqlClient.SqlConnection.Open()
   at Store_Online.Core.Database.DbConnectionFactory.CreateOpenConnection() in D:\_Dev_DeskApp\Store_Online\Store_Online\Core\Database\DbConnectionFactory.cs:line 28
   at Store_Online.Core.Database.SqlExecutor.Query(String sql, CommandType commandType, SqlParameter[] parameters) in D:\_Dev_DeskApp\Store_Online\Store_Online\Core\Database\SqlExecutor.cs:line 55

Type            : System.ComponentModel.Win32Exception
Message         : No process is on the other end of the pipe.
Source          : 
TargetSite      : 

StackTrace



====================================================================================================
Date/Time        : 2026-07-23 23:34:18

Application      : Store_Online

Machine Name     : JOINCODER-SV
Windows User     : REAN-Demo

Working Folder   : D:\_Dev_DeskApp\Store_Online\Store_Online\bin\Debug\net8.0-windows\

Title            : Configuration GarageOnline

Database configuration loaded successfully from sys.xml.

====================================================================================================
Date/Time        : 2026-07-23 23:35:34

Application      : Store_Online

Machine Name     : JOINCODER-SV
Windows User     : REAN-Demo

Working Folder   : D:\_Dev_DeskApp\Store_Online\Store_Online\bin\Debug\net8.0-windows\

Title            : Configuration GarageOnline

Database configuration loaded successfully from sys.xml.

====================================================================================================
Date/Time        : 2026-07-23 23:37:05

Application      : Store_Online

Machine Name     : JOINCODER-SV
Windows User     : REAN-Demo

Working Folder   : D:\_Dev_DeskApp\Store_Online\Store_Online\bin\Debug\net8.0-windows\

Title            : Configuration Store_online

Database configuration loaded successfully from sys.xml.

====================================================================================================
Date/Time        : 2026-07-23 23:37:34

Application      : Store_Online

Machine Name     : JOINCODER-SV
Windows User     : REAN-Demo

Working Folder   : D:\_Dev_DeskApp\Store_Online\Store_Online\bin\Debug\net8.0-windows\

Title            : Configuration Store_online

Database configuration loaded successfully from sys.xml.

====================================================================================================
Date/Time        : 2026-07-23 23:42:43

Application      : Store_Online

Machine Name     : JOINCODER-SV
Windows User     : REAN-Demo

Working Folder   : D:\_Dev_DeskApp\Store_Online\Store_Online\bin\Debug\net8.0-windows\

Title            : Configuration Store_online

Database configuration loaded successfully from sys.xml.

====================================================================================================
Date/Time        : 2026-07-23 23:44:24

Application      : Store_Online

Machine Name     : JOINCODER-SV
Windows User     : REAN-Demo

Working Folder   : D:\_Dev_DeskApp\Store_Online\Store_Online\bin\Debug\net8.0-windows\

Title            : Configuration Store_online

Database configuration loaded successfully from sys.xml.

====================================================================================================
Date/Time        : 2026-07-23 23:44:36

Application      : Store_Online

Machine Name     : JOINCODER-SV
Windows User     : REAN-Demo

Working Folder   : D:\_Dev_DeskApp\Store_Online\Store_Online\bin\Debug\net8.0-windows\

Title            : Configuration Store_online

Database configuration loaded successfully from sys.xml.

====================================================================================================
Date/Time        : 2026-07-23 23:44:43

Application      : Store_Online

Machine Name     : JOINCODER-SV
Windows User     : REAN-Demo

Working Folder   : D:\_Dev_DeskApp\Store_Online\Store_Online\bin\Debug\net8.0-windows\

Title            : Configuration Store_online

Database configuration loaded successfully from sys.xml.

====================================================================================================
Date/Time        : 2026-07-23 23:48:32

Application      : Store_Online

Machine Name     : JOINCODER-SV
Windows User     : REAN-Demo

Working Folder   : D:\_Dev_DeskApp\Store_Online\Store_Online\bin\Debug\net8.0-windows\

Title            : Configuration Store_online

Database configuration loaded successfully from sys.xml.

====================================================================================================
Date/Time        : 2026-07-23 23:49:16

Application      : Store_Online

Machine Name     : JOINCODER-SV
Windows User     : REAN-Demo

Working Folder   : D:\_Dev_DeskApp\Store_Online\Store_Online\bin\Debug\net8.0-windows\

Title            : Configuration Store_online

Database configuration loaded successfully from sys.xml.

====================================================================================================
Date/Time        : 2026-07-23 23:51:26

Application      : Store_Online

Machine Name     : JOINCODER-SV
Windows User     : REAN-Demo

Working Folder   : D:\_Dev_DeskApp\Store_Online\Store_Online\bin\Debug\net8.0-windows\

Title            : Configuration Store_online

Database configuration loaded successfully from sys.xml.

====================================================================================================
Date/Time        : 2026-07-23 23:52:03

Application      : Store_Online

Machine Name     : JOINCODER-SV
Windows User     : REAN-Demo

Working Folder   : D:\_Dev_DeskApp\Store_Online\Store_Online\bin\Debug\net8.0-windows\

Title            : Configuration Store_online

Database configuration loaded successfully from sys.xml.

====================================================================================================
Date/Time        : 2026-07-23 23:52:18

Application      : Store_Online

Machine Name     : JOINCODER-SV
Windows User     : REAN-Demo

Working Folder   : D:\_Dev_DeskApp\Store_Online\Store_Online\bin\Debug\net8.0-windows\

Title            : Configuration Store_online

Database configuration loaded successfully from sys.xml.

====================================================================================================
Date/Time        : 2026-07-23 23:55:01

Application      : Store_Online

Machine Name     : JOINCODER-SV
Windows User     : REAN-Demo

Working Folder   : D:\_Dev_DeskApp\Store_Online\Store_Online\bin\Debug\net8.0-windows\

Title            : Configuration Store_online

Database configuration loaded successfully from sys.xml.

====================================================================================================
Date/Time        : 2026-07-23 23:56:11

Application      : Store_Online

Machine Name     : JOINCODER-SV
Windows User     : REAN-Demo

Working Folder   : D:\_Dev_DeskApp\Store_Online\Store_Online\bin\Debug\net8.0-windows\

Title            : Configuration Store_online

Database configuration loaded successfully from sys.xml.

====================================================================================================
Date/Time        : 2026-07-23 23:57:43

Application      : Store_Online

Machine Name     : JOINCODER-SV
Windows User     : REAN-Demo

Working Folder   : D:\_Dev_DeskApp\Store_Online\Store_Online\bin\Debug\net8.0-windows\

Title            : Configuration Store_online

Database configuration loaded successfully from sys.xml.

====================================================================================================
Date/Time        : 2026-07-23 23:57:54

Application      : Store_Online

Machine Name     : JOINCODER-SV
Windows User     : REAN-Demo

Working Folder   : D:\_Dev_DeskApp\Store_Online\Store_Online\bin\Debug\net8.0-windows\

Title            : Configuration Store_online

Database configuration loaded successfully from sys.xml.

====================================================================================================
Date/Time        : 2026-07-23 23:58:17

Application      : Store_Online

Machine Name     : JOINCODER-SV
Windows User     : REAN-Demo

Working Folder   : D:\_Dev_DeskApp\Store_Online\Store_Online\bin\Debug\net8.0-windows\

Title            : Configuration Store_online

Database configuration loaded successfully from sys.xml.

