====================================================================================================
Date/Time        : 2026-07-29 00:07:00

Application      : Store_Online

Machine Name     : JOINCODER-SV
Windows User     : REAN-Demo

Working Folder   : D:\_Dev_DeskApp\Store_Online\Store_Online\bin\Debug\net8.0-windows\

Title            : Configuration (Store_online)

Database configuration loaded successfully from sys.xml.

====================================================================================================
Date/Time        : 2026-07-29 00:10:10

Application      : Store_Online

Machine Name     : JOINCODER-SV
Windows User     : REAN-Demo

Working Folder   : D:\_Dev_DeskApp\Store_Online\Store_Online\bin\Debug\net8.0-windows\

Title            : Configuration (Store_online)

Database configuration loaded successfully from sys.xml.

====================================================================================================
Date/Time        : 2026-07-29 00:11:08

Application      : Store_Online

Machine Name     : JOINCODER-SV
Windows User     : REAN-Demo

Working Folder   : D:\_Dev_DeskApp\Store_Online\Store_Online\bin\Debug\net8.0-windows\

Title            : Configuration (Store_online)

Database configuration loaded successfully from sys.xml.

====================================================================================================
Date/Time        : 2026-07-29 00:13:39

Application      : Store_Online

Machine Name     : JOINCODER-SV
Windows User     : REAN-Demo

Working Folder   : D:\_Dev_DeskApp\Store_Online\Store_Online\bin\Debug\net8.0-windows\

Title            : Configuration (Store_online)

Database configuration loaded successfully from sys.xml.

====================================================================================================
Date/Time        : 2026-07-29 00:14:22

Application      : Store_Online

Machine Name     : JOINCODER-SV
Windows User     : REAN-Demo

Working Folder   : D:\_Dev_DeskApp\Store_Online\Store_Online\bin\Debug\net8.0-windows\

Title            : Configuration (Store_online)

Database configuration loaded successfully from sys.xml.

====================================================================================================
Date/Time        : 2026-07-29 00:16:56

Application      : Store_Online

Machine Name     : JOINCODER-SV
Windows User     : REAN-Demo

Working Folder   : D:\_Dev_DeskApp\Store_Online\Store_Online\bin\Debug\net8.0-windows\

Title            : Configuration (Store_online)

Database configuration loaded successfully from sys.xml.

====================================================================================================
Date/Time        : 2026-07-29 00:21:08

Application      : Store_Online

Machine Name     : JOINCODER-SV
Windows User     : REAN-Demo

Working Folder   : D:\_Dev_DeskApp\Store_Online\Store_Online\bin\Debug\net8.0-windows\

Title            : Configuration (Store_online)

Database configuration loaded successfully from sys.xml.

====================================================================================================
Date/Time        : 2026-07-29 00:23:33

Application      : Store_Online

Machine Name     : JOINCODER-SV
Windows User     : REAN-Demo

Working Folder   : D:\_Dev_DeskApp\Store_Online\Store_Online\bin\Debug\net8.0-windows\

Title            : Configuration (Store_online)

Database configuration loaded successfully from sys.xml.

====================================================================================================
Date/Time        : 2026-07-29 00:26:56

Application      : Store_Online

Machine Name     : JOINCODER-SV
Windows User     : REAN-Demo

Working Folder   : D:\_Dev_DeskApp\Store_Online\Store_Online\bin\Debug\net8.0-windows\

Title            : Configuration (Store_online)

Database configuration loaded successfully from sys.xml.

====================================================================================================
Date/Time        : 2026-07-29 00:27:45

Application      : Store_Online

Machine Name     : JOINCODER-SV
Windows User     : REAN-Demo

Working Folder   : D:\_Dev_DeskApp\Store_Online\Store_Online\bin\Debug\net8.0-windows\

Title            : Configuration (Store_online)

Database configuration loaded successfully from sys.xml.

====================================================================================================
Date/Time        : 2026-07-29 00:29:02

Application      : Store_Online

Machine Name     : JOINCODER-SV
Windows User     : REAN-Demo

Working Folder   : D:\_Dev_DeskApp\Store_Online\Store_Online\bin\Debug\net8.0-windows\

Title            : Configuration (Store_online)

Database configuration loaded successfully from sys.xml.

====================================================================================================
Date/Time        : 2026-07-29 00:31:24

Application      : Store_Online

Machine Name     : JOINCODER-SV
Windows User     : REAN-Demo

Working Folder   : D:\_Dev_DeskApp\Store_Online\Store_Online\bin\Debug\net8.0-windows\

Title            : Configuration (Store_online)

Database configuration loaded successfully from sys.xml.

====================================================================================================
Date/Time        : 2026-07-29 00:34:51

Application      : Store_Online

Machine Name     : JOINCODER-SV
Windows User     : REAN-Demo

Working Folder   : D:\_Dev_DeskApp\Store_Online\Store_Online\bin\Debug\net8.0-windows\

Title            : Configuration (Store_online)

Database configuration loaded successfully from sys.xml.

====================================================================================================
Date/Time        : 2026-07-29 00:36:33

Application      : Store_Online

Machine Name     : JOINCODER-SV
Windows User     : REAN-Demo

Working Folder   : D:\_Dev_DeskApp\Store_Online\Store_Online\bin\Debug\net8.0-windows\

Title            : Configuration (Store_online)

Database configuration loaded successfully from sys.xml.

====================================================================================================
Date/Time        : 2026-07-29 00:38:07

Application      : Store_Online

Machine Name     : JOINCODER-SV
Windows User     : REAN-Demo

Working Folder   : D:\_Dev_DeskApp\Store_Online\Store_Online\bin\Debug\net8.0-windows\

Title            : Configuration (Store_online)

Database configuration loaded successfully from sys.xml.

====================================================================================================
Date/Time        : 2026-07-29 00:39:35

Application      : Store_Online

Machine Name     : JOINCODER-SV
Windows User     : REAN-Demo

Working Folder   : D:\_Dev_DeskApp\Store_Online\Store_Online\bin\Debug\net8.0-windows\

Title            : Configuration (Store_online)

Database configuration loaded successfully from sys.xml.

====================================================================================================
Date/Time        : 2026-07-29 00:40:56

Application      : Store_Online

Machine Name     : JOINCODER-SV
Windows User     : REAN-Demo

Working Folder   : D:\_Dev_DeskApp\Store_Online\Store_Online\bin\Debug\net8.0-windows\

Title            : Configuration (Store_online)

Database configuration loaded successfully from sys.xml.

====================================================================================================
Date/Time        : 2026-07-29 00:50:25

Application      : Store_Online

Machine Name     : JOINCODER-SV
Windows User     : REAN-Demo

Working Folder   : D:\_Dev_DeskApp\Store_Online\Store_Online\bin\Debug\net8.0-windows\

Title            : Configuration (Store_online)

Database configuration loaded successfully from sys.xml.

====================================================================================================
Date/Time        : 2026-07-29 00:54:23

Application      : Store_Online

Machine Name     : JOINCODER-SV
Windows User     : REAN-Demo

Working Folder   : D:\_Dev_DeskApp\Store_Online\Store_Online\bin\Debug\net8.0-windows\

Title            : Configuration (Store_online)

Database configuration loaded successfully from sys.xml.

====================================================================================================
Date/Time        : 2026-07-29 00:54:51

Application      : Store_Online

Machine Name     : JOINCODER-SV
Windows User     : REAN-Demo

Working Folder   : D:\_Dev_DeskApp\Store_Online\Store_Online\bin\Debug\net8.0-windows\

Title            : Configuration (Store_online)

Database configuration loaded successfully from sys.xml.

====================================================================================================
Date/Time        : 2026-07-29 01:03:04

Application      : Store_Online

Machine Name     : JOINCODER-SV
Windows User     : REAN-Demo

Working Folder   : D:\_Dev_DeskApp\Store_Online\Store_Online\bin\Debug\net8.0-windows\

Title            : Configuration (Store_online)

Database configuration loaded successfully from sys.xml.

====================================================================================================
Date/Time        : 2026-07-29 01:10:58

Application      : Store_Online

Machine Name     : JOINCODER-SV
Windows User     : REAN-Demo

Working Folder   : D:\_Dev_DeskApp\Store_Online\Store_Online\bin\Debug\net8.0-windows\

Title            : Configuration (Store_online)

Database configuration loaded successfully from sys.xml.

====================================================================================================
Date/Time        : 2026-07-29 01:11:49

Application      : Store_Online

Machine Name     : JOINCODER-SV
Windows User     : REAN-Demo

Working Folder   : D:\_Dev_DeskApp\Store_Online\Store_Online\bin\Debug\net8.0-windows\

Title            : Configuration (Store_online)

Database configuration loaded successfully from sys.xml.

====================================================================================================
Date/Time        : 2026-07-29 01:13:09

Application      : Store_Online

Machine Name     : JOINCODER-SV
Windows User     : REAN-Demo

Working Folder   : D:\_Dev_DeskApp\Store_Online\Store_Online\bin\Debug\net8.0-windows\

Title            : Configuration (Store_online)

Database configuration loaded successfully from sys.xml.

====================================================================================================
Date/Time        : 2026-07-29 01:13:32

Application      : Store_Online

Machine Name     : JOINCODER-SV
Windows User     : REAN-Demo

Working Folder   : D:\_Dev_DeskApp\Store_Online\Store_Online\bin\Debug\net8.0-windows\

Title            : Configuration (Store_online)

Database configuration loaded successfully from sys.xml.

====================================================================================================
Date/Time        : 2026-07-29 01:14:00

Application      : Store_Online

Machine Name     : JOINCODER-SV
Windows User     : REAN-Demo

Working Folder   : D:\_Dev_DeskApp\Store_Online\Store_Online\bin\Debug\net8.0-windows\

Title            : Configuration (Store_online)

Database configuration loaded successfully from sys.xml.

====================================================================================================
Date/Time        : 2026-07-29 01:15:14

Application      : Store_Online

Machine Name     : JOINCODER-SV
Windows User     : REAN-Demo

Working Folder   : D:\_Dev_DeskApp\Store_Online\Store_Online\bin\Debug\net8.0-windows\

Title            : Configuration (Store_online)

Database configuration loaded successfully from sys.xml.

====================================================================================================
Date/Time        : 2026-07-29 01:17:54

Application      : Store_Online

Machine Name     : JOINCODER-SV
Windows User     : REAN-Demo

Working Folder   : D:\_Dev_DeskApp\Store_Online\Store_Online\bin\Debug\net8.0-windows\

Title            : Configuration (Store_online)

Database configuration loaded successfully from sys.xml.

====================================================================================================
Date/Time        : 2026-07-29 01:22:16

Application      : Store_Online

Machine Name     : JOINCODER-SV
Windows User     : REAN-Demo

Working Folder   : D:\_Dev_DeskApp\Store_Online\Store_Online\bin\Debug\net8.0-windows\

Title            : Configuration (Store_online)

Database configuration loaded successfully from sys.xml.

====================================================================================================
Date/Time        : 2026-07-29 01:23:22

Application      : Store_Online

Machine Name     : JOINCODER-SV
Windows User     : REAN-Demo

Working Folder   : D:\_Dev_DeskApp\Store_Online\Store_Online\bin\Debug\net8.0-windows\

Title            : Configuration (Store_online)

Database configuration loaded successfully from sys.xml.

====================================================================================================
Date/Time        : 2026-07-29 01:23:54

Application      : Store_Online

Machine Name     : JOINCODER-SV
Windows User     : REAN-Demo

Working Folder   : D:\_Dev_DeskApp\Store_Online\Store_Online\bin\Debug\net8.0-windows\

Title            : Configuration (Store_online)

Database configuration loaded successfully from sys.xml.

====================================================================================================
Date/Time        : 2026-07-29 01:24:04

Application      : Store_Online

Machine Name     : JOINCODER-SV
Windows User     : REAN-Demo

Working Folder   : D:\_Dev_DeskApp\Store_Online\Store_Online\bin\Debug\net8.0-windows\

Title            : Configuration (Store_online)

Database configuration loaded successfully from sys.xml.

====================================================================================================
Date/Time        : 2026-07-29 01:24:54

Application      : Store_Online

Machine Name     : JOINCODER-SV
Windows User     : REAN-Demo

Working Folder   : D:\_Dev_DeskApp\Store_Online\Store_Online\bin\Debug\net8.0-windows\

Title            : Configuration (Store_online)

Database configuration loaded successfully from sys.xml.

====================================================================================================
Date/Time        : 2026-07-29 01:30:06

Application      : Store_Online

Machine Name     : JOINCODER-SV
Windows User     : REAN-Demo

Working Folder   : D:\_Dev_DeskApp\Store_Online\Store_Online\bin\Debug\net8.0-windows\

Title            : Configuration (Store_online)

Database configuration loaded successfully from sys.xml.

====================================================================================================
Date/Time        : 2026-07-29 01:31:37

Application      : Store_Online

Machine Name     : JOINCODER-SV
Windows User     : REAN-Demo

Working Folder   : D:\_Dev_DeskApp\Store_Online\Store_Online\bin\Debug\net8.0-windows\

Title            : Configuration (Store_online)

Database configuration loaded successfully from sys.xml.

====================================================================================================
Date/Time        : 2026-07-29 01:33:05

Application      : Store_Online

Machine Name     : JOINCODER-SV
Windows User     : REAN-Demo

Working Folder   : D:\_Dev_DeskApp\Store_Online\Store_Online\bin\Debug\net8.0-windows\

Title            : Configuration (Store_online)

Database configuration loaded successfully from sys.xml.

====================================================================================================
Date/Time        : 2026-07-29 22:07:43

Application      : Store_Online

Machine Name     : JOINCODER-SV
Windows User     : REAN-Demo

Working Folder   : D:\_Dev_DeskApp\Store_Online\Store_Online\bin\Debug\net8.0-windows\

Title            : Configuration (Store_online)

Database configuration loaded successfully from sys.xml.

====================================================================================================
Date/Time        : 2026-07-29 22:07:58

Application      : Store_Online

Machine Name     : JOINCODER-SV
Windows User     : REAN-Demo

Working Folder   : D:\_Dev_DeskApp\Store_Online\Store_Online\bin\Debug\net8.0-windows\

Title            : Configuration (Store_online)

Database configuration loaded successfully from sys.xml.

====================================================================================================
Date/Time        : 2026-07-29 22:12:50

Application      : Store_Online

Machine Name     : JOINCODER-SV
Windows User     : REAN-Demo

Working Folder   : D:\_Dev_DeskApp\Store_Online\Store_Online\bin\Debug\net8.0-windows\

Title            : Configuration (Store_online)

Database configuration loaded successfully from sys.xml.

====================================================================================================
Date/Time        : 2026-07-29 22:13:03

Application      : Store_Online

Machine Name     : JOINCODER-SV
Windows User     : REAN-Demo

Working Folder   : D:\_Dev_DeskApp\Store_Online\Store_Online\bin\Debug\net8.0-windows\

Title            : Configuration (Store_online)

Database configuration loaded successfully from sys.xml.

====================================================================================================
Date/Time        : 2026-07-29 22:15:51

Application      : Store_Online

Machine Name     : JOINCODER-SV
Windows User     : REAN-Demo

Working Folder   : D:\_Dev_DeskApp\Store_Online\Store_Online\bin\Debug\net8.0-windows\

Title            : Configuration (Store_online)

Database configuration loaded successfully from sys.xml.

====================================================================================================
Date/Time        : 2026-07-29 22:16:37

Application      : Store_Online

Machine Name     : JOINCODER-SV
Windows User     : REAN-Demo

Working Folder   : D:\_Dev_DeskApp\Store_Online\Store_Online\bin\Debug\net8.0-windows\

Title            : Configuration (Store_online)

Database configuration loaded successfully from sys.xml.

====================================================================================================
Date/Time        : 2026-07-29 22:18:07

Application      : Store_Online

Machine Name     : JOINCODER-SV
Windows User     : REAN-Demo

Working Folder   : D:\_Dev_DeskApp\Store_Online\Store_Online\bin\Debug\net8.0-windows\

Title            : Configuration (Store_online)

Database configuration loaded successfully from sys.xml.

====================================================================================================
Date/Time        : 2026-07-29 22:19:20

Application      : Store_Online

Machine Name     : JOINCODER-SV
Windows User     : REAN-Demo

Working Folder   : D:\_Dev_DeskApp\Store_Online\Store_Online\bin\Debug\net8.0-windows\

Title            : Configuration (Store_online)

Database configuration loaded successfully from sys.xml.

====================================================================================================
Date/Time        : 2026-07-29 22:22:56

Application      : Store_Online

Machine Name     : JOINCODER-SV
Windows User     : REAN-Demo

Working Folder   : D:\_Dev_DeskApp\Store_Online\Store_Online\bin\Debug\net8.0-windows\

Title            : Configuration (Store_online)

Database configuration loaded successfully from sys.xml.

====================================================================================================
Date/Time        : 2026-07-29 22:30:43

Application      : Store_Online

Machine Name     : JOINCODER-SV
Windows User     : REAN-Demo

Working Folder   : D:\_Dev_DeskApp\Store_Online\Store_Online\bin\Debug\net8.0-windows\

Title            : Configuration (Store_online)

Database configuration loaded successfully from sys.xml.

====================================================================================================
Date/Time        : 2026-07-29 22:32:09

Application      : Store_Online

Machine Name     : JOINCODER-SV
Windows User     : REAN-Demo

Working Folder   : D:\_Dev_DeskApp\Store_Online\Store_Online\bin\Debug\net8.0-windows\

Title            : Configuration (Store_online)

Database configuration loaded successfully from sys.xml.

====================================================================================================
Date/Time        : 2026-07-29 22:32:42

Application      : Store_Online

Machine Name     : JOINCODER-SV
Windows User     : REAN-Demo

Working Folder   : D:\_Dev_DeskApp\Store_Online\Store_Online\bin\Debug\net8.0-windows\

Title            : Configuration (Store_online)

Database configuration loaded successfully from sys.xml.

====================================================================================================
Date/Time        : 2026-07-29 22:32:54

Application      : Store_Online

Machine Name     : JOINCODER-SV
Windows User     : REAN-Demo

Working Folder   : D:\_Dev_DeskApp\Store_Online\Store_Online\bin\Debug\net8.0-windows\

Title            : Configuration (Store_online)

Database configuration loaded successfully from sys.xml.

====================================================================================================
Date/Time        : 2026-07-29 22:33:55

Application      : Store_Online

Machine Name     : JOINCODER-SV
Windows User     : REAN-Demo

Working Folder   : D:\_Dev_DeskApp\Store_Online\Store_Online\bin\Debug\net8.0-windows\

Title            : Configuration (Store_online)

Database configuration loaded successfully from sys.xml.

====================================================================================================
Date/Time        : 2026-07-29 22:48:18

Application      : Store_Online

Machine Name     : JOINCODER-SV
Windows User     : REAN-Demo

Working Folder   : D:\_Dev_DeskApp\Store_Online\Store_Online\bin\Debug\net8.0-windows\

Title            : Configuration (Store_online)

Database configuration loaded successfully from sys.xml.

====================================================================================================
Date/Time        : 2026-07-29 22:52:04

Application      : Store_Online

Machine Name     : JOINCODER-SV
Windows User     : REAN-Demo

Working Folder   : D:\_Dev_DeskApp\Store_Online\Store_Online\bin\Debug\net8.0-windows\

Title            : Configuration (Store_online)

Database configuration loaded successfully from sys.xml.

====================================================================================================
Date/Time        : 2026-07-29 22:55:27

Application      : Store_Online

Machine Name     : JOINCODER-SV
Windows User     : REAN-Demo

Working Folder   : D:\_Dev_DeskApp\Store_Online\Store_Online\bin\Debug\net8.0-windows\

Title            : Configuration (Store_online)

Database configuration loaded successfully from sys.xml.

====================================================================================================
Date/Time        : 2026-07-29 22:57:19

Application      : Store_Online

Machine Name     : JOINCODER-SV
Windows User     : REAN-Demo

Working Folder   : D:\_Dev_DeskApp\Store_Online\Store_Online\bin\Debug\net8.0-windows\

Title            : Configuration (Store_online)

Database configuration loaded successfully from sys.xml.

====================================================================================================
Date/Time        : 2026-07-29 22:57:43

Application      : Store_Online

Machine Name     : JOINCODER-SV
Windows User     : REAN-Demo

Working Folder   : D:\_Dev_DeskApp\Store_Online\Store_Online\bin\Debug\net8.0-windows\

Title            : Configuration (Store_online)

Database configuration loaded successfully from sys.xml.

====================================================================================================
Date/Time        : 2026-07-29 22:58:33

Application      : Store_Online

Machine Name     : JOINCODER-SV
Windows User     : REAN-Demo

Working Folder   : D:\_Dev_DeskApp\Store_Online\Store_Online\bin\Debug\net8.0-windows\

Title            : Configuration (Store_online)

Database configuration loaded successfully from sys.xml.

====================================================================================================
Date/Time        : 2026-07-29 23:03:05

Application      : Store_Online

Machine Name     : JOINCODER-SV
Windows User     : REAN-Demo

Working Folder   : D:\_Dev_DeskApp\Store_Online\Store_Online\bin\Debug\net8.0-windows\

Title            : Configuration (Store_online)

Database configuration loaded successfully from sys.xml.

====================================================================================================
Date/Time        : 2026-07-29 23:06:26

Application      : Store_Online

Machine Name     : JOINCODER-SV
Windows User     : REAN-Demo

Working Folder   : D:\_Dev_DeskApp\Store_Online\Store_Online\bin\Debug\net8.0-windows\

Title            : Configuration (Store_online)

Database configuration loaded successfully from sys.xml.

====================================================================================================
Date/Time        : 2026-07-29 23:28:53

Application      : Store_Online

Machine Name     : JOINCODER-SV
Windows User     : REAN-Demo

Working Folder   : D:\_Dev_DeskApp\Store_Online\Store_Online\bin\Debug\net8.0-windows\

Title            : Configuration (Store_online)

Database configuration loaded successfully from sys.xml.

====================================================================================================
Date/Time        : 2026-07-29 23:33:50

Application      : Store_Online

Machine Name     : JOINCODER-SV
Windows User     : REAN-Demo

Working Folder   : D:\_Dev_DeskApp\Store_Online\Store_Online\bin\Debug\net8.0-windows\

Title            : Configuration (Store_online)

Database configuration loaded successfully from sys.xml.

====================================================================================================
Date/Time        : 2026-07-29 23:34:02

Application      : Store_Online

Machine Name     : JOINCODER-SV
Windows User     : REAN-Demo

Working Folder   : D:\_Dev_DeskApp\Store_Online\Store_Online\bin\Debug\net8.0-windows\

Title            : Configuration (Store_online)

Database configuration loaded successfully from sys.xml.

====================================================================================================
Date/Time        : 2026-07-29 23:35:11

Application      : Store_Online

Machine Name     : JOINCODER-SV
Windows User     : REAN-Demo

Working Folder   : D:\_Dev_DeskApp\Store_Online\Store_Online\bin\Debug\net8.0-windows\

Title            : Configuration (Store_online)

Database configuration loaded successfully from sys.xml.

====================================================================================================
Date/Time        : 2026-07-29 23:35:23

Application      : Store_Online

Machine Name     : JOINCODER-SV
Windows User     : REAN-Demo

Working Folder   : D:\_Dev_DeskApp\Store_Online\Store_Online\bin\Debug\net8.0-windows\

Title            : Configuration (Store_online)

Database configuration loaded successfully from sys.xml.

====================================================================================================
Date/Time        : 2026-07-29 23:38:45

Application      : Store_Online

Machine Name     : JOINCODER-SV
Windows User     : REAN-Demo

Working Folder   : D:\_Dev_DeskApp\Store_Online\Store_Online\bin\Debug\net8.0-windows\

Title            : Configuration (Store_online)

Database configuration loaded successfully from sys.xml.

====================================================================================================
Date/Time        : 2026-07-29 23:43:08

Application      : Store_Online

Machine Name     : JOINCODER-SV
Windows User     : REAN-Demo

Working Folder   : D:\_Dev_DeskApp\Store_Online\Store_Online\bin\Debug\net8.0-windows\

Title            : Configuration (Store_online)

Database configuration loaded successfully from sys.xml.

====================================================================================================
Date/Time        : 2026-07-29 23:46:45

Application      : Store_Online

Machine Name     : JOINCODER-SV
Windows User     : REAN-Demo

Working Folder   : D:\_Dev_DeskApp\Store_Online\Store_Online\bin\Debug\net8.0-windows\

Title            : Configuration (Store_online)

Database configuration loaded successfully from sys.xml.

====================================================================================================
Date/Time        : 2026-07-29 23:47:27

Application      : Store_Online

Machine Name     : JOINCODER-SV
Windows User     : REAN-Demo

Working Folder   : D:\_Dev_DeskApp\Store_Online\Store_Online\bin\Debug\net8.0-windows\

Title            : Configuration (Store_online)

Database configuration loaded successfully from sys.xml.

====================================================================================================
Date/Time        : 2026-07-29 23:47:47

Application      : Store_Online

Machine Name     : JOINCODER-SV
Windows User     : REAN-Demo

Working Folder   : D:\_Dev_DeskApp\Store_Online\Store_Online\bin\Debug\net8.0-windows\

Title            : Configuration (Store_online)

Database configuration loaded successfully from sys.xml.

====================================================================================================
Date/Time        : 2026-07-29 23:49:57

Application      : Store_Online

Machine Name     : JOINCODER-SV
Windows User     : REAN-Demo

Working Folder   : D:\_Dev_DeskApp\Store_Online\Store_Online\bin\Debug\net8.0-windows\

Title            : Configuration (Store_online)

Database configuration loaded successfully from sys.xml.

====================================================================================================
Date/Time        : 2026-07-29 23:51:56

Application      : Store_Online

Machine Name     : JOINCODER-SV
Windows User     : REAN-Demo

Working Folder   : D:\_Dev_DeskApp\Store_Online\Store_Online\bin\Debug\net8.0-windows\

Title            : Configuration (Store_online)

Database configuration loaded successfully from sys.xml.

====================================================================================================
Date/Time        : 2026-07-29 23:58:50

Application      : Store_Online

Machine Name     : JOINCODER-SV
Windows User     : REAN-Demo

Working Folder   : D:\_Dev_DeskApp\Store_Online\Store_Online\bin\Debug\net8.0-windows\

Title            : Configuration (Store_online)

Database configuration loaded successfully from sys.xml.

====================================================================================================
Date/Time        : 2026-07-29 23:59:40

Application      : Store_Online

Machine Name     : JOINCODER-SV
Windows User     : REAN-Demo

Working Folder   : D:\_Dev_DeskApp\Store_Online\Store_Online\bin\Debug\net8.0-windows\

Title            : Configuration (Store_online)

Database configuration loaded successfully from sys.xml.

