====================================================================================================
Date/Time        : 2026-07-27 00:32:11

Application      : Store_Online

Machine Name     : JOINCODER-SV
Windows User     : REAN-Demo

Working Folder   : D:\_Dev_DeskApp\Store_Online\Store_Online\bin\Debug\net8.0-windows\

Title            : Configuration (Store_online)

Database configuration loaded successfully from sys.xml.

====================================================================================================
Date/Time        : 2026-07-27 00:32:22

Application      : Store_Online

Machine Name     : JOINCODER-SV
Windows User     : REAN-Demo

Working Folder   : D:\_Dev_DeskApp\Store_Online\Store_Online\bin\Debug\net8.0-windows\

Title            : Configuration (Store_online)

Database configuration loaded successfully from sys.xml.

====================================================================================================
Date/Time        : 2026-07-27 00:33:24

Application      : Store_Online

Machine Name     : JOINCODER-SV
Windows User     : REAN-Demo

Working Folder   : D:\_Dev_DeskApp\Store_Online\Store_Online\bin\Debug\net8.0-windows\

Title            : Configuration (Store_online)

Database configuration loaded successfully from sys.xml.

====================================================================================================
Date/Time        : 2026-07-27 00:33:49

Application      : Store_Online

Machine Name     : JOINCODER-SV
Windows User     : REAN-Demo

Working Folder   : D:\_Dev_DeskApp\Store_Online\Store_Online\bin\Debug\net8.0-windows\

Title            : Configuration (Store_online)

Database configuration loaded successfully from sys.xml.

