====================================================================================================
Date/Time        : 2026-07-30 00:00:52

Application      : Store_Online

Machine Name     : JOINCODER-SV
Windows User     : REAN-Demo

Working Folder   : D:\_Dev_DeskApp\Store_Online\Store_Online\bin\Debug\net8.0-windows\

Title            : Configuration (Store_online)

Database configuration loaded successfully from sys.xml.

====================================================================================================
Date/Time        : 2026-07-30 00:02:28

Application      : Store_Online

Machine Name     : JOINCODER-SV
Windows User     : REAN-Demo

Working Folder   : D:\_Dev_DeskApp\Store_Online\Store_Online\bin\Debug\net8.0-windows\

Title            : Configuration (Store_online)

Database configuration loaded successfully from sys.xml.

====================================================================================================
Date/Time        : 2026-07-30 00:03:34

Application      : Store_Online

Machine Name     : JOINCODER-SV
Windows User     : REAN-Demo

Working Folder   : D:\_Dev_DeskApp\Store_Online\Store_Online\bin\Debug\net8.0-windows\

Title            : Configuration (Store_online)

Database configuration loaded successfully from sys.xml.

====================================================================================================
Date/Time        : 2026-07-30 00:04:42

Application      : Store_Online

Machine Name     : JOINCODER-SV
Windows User     : REAN-Demo

Working Folder   : D:\_Dev_DeskApp\Store_Online\Store_Online\bin\Debug\net8.0-windows\

Title            : Configuration (Store_online)

Database configuration loaded successfully from sys.xml.

====================================================================================================
Date/Time        : 2026-07-30 00:04:47

Application      : Store_Online

Machine Name     : JOINCODER-SV
Windows User     : REAN-Demo

Working Folder   : D:\_Dev_DeskApp\Store_Online\Store_Online\bin\Debug\net8.0-windows\

Title            : Configuration (Store_online)

Database configuration loaded successfully from sys.xml.

====================================================================================================
Date/Time        : 2026-07-30 00:34:49

Application      : Store_Online

Machine Name     : JOINCODER-SV
Windows User     : REAN-Demo

Working Folder   : D:\_Dev_DeskApp\Store_Online\Store_Online\bin\Debug\net8.0-windows\

Title            : Configuration (Store_online)

Database configuration loaded successfully from sys.xml.

====================================================================================================
Date/Time        : 2026-07-30 00:35:42

Application      : Store_Online

Machine Name     : JOINCODER-SV
Windows User     : REAN-Demo

Working Folder   : D:\_Dev_DeskApp\Store_Online\Store_Online\bin\Debug\net8.0-windows\

Title            : Configuration (Store_online)

Database configuration loaded successfully from sys.xml.

====================================================================================================
Date/Time        : 2026-07-30 00:38:46

Application      : Store_Online

Machine Name     : JOINCODER-SV
Windows User     : REAN-Demo

Working Folder   : D:\_Dev_DeskApp\Store_Online\Store_Online\bin\Debug\net8.0-windows\

Title            : Configuration (Store_online)

Database configuration loaded successfully from sys.xml.

====================================================================================================
Date/Time        : 2026-07-30 00:42:38

Application      : Store_Online

Machine Name     : JOINCODER-SV
Windows User     : REAN-Demo

Working Folder   : D:\_Dev_DeskApp\Store_Online\Store_Online\bin\Debug\net8.0-windows\

Title            : Configuration (Store_online)

Database configuration loaded successfully from sys.xml.

====================================================================================================
Date/Time        : 2026-07-30 00:44:38

Application      : Store_Online

Machine Name     : JOINCODER-SV
Windows User     : REAN-Demo

Working Folder   : D:\_Dev_DeskApp\Store_Online\Store_Online\bin\Debug\net8.0-windows\

Title            : Configuration (Store_online)

Database configuration loaded successfully from sys.xml.

====================================================================================================
Date/Time        : 2026-07-30 00:46:05

Application      : Store_Online

Machine Name     : JOINCODER-SV
Windows User     : REAN-Demo

Working Folder   : D:\_Dev_DeskApp\Store_Online\Store_Online\bin\Debug\net8.0-windows\

Title            : Configuration (Store_online)

Database configuration loaded successfully from sys.xml.

====================================================================================================
Date/Time        : 2026-07-30 00:48:47

Application      : Store_Online

Machine Name     : JOINCODER-SV
Windows User     : REAN-Demo

Working Folder   : D:\_Dev_DeskApp\Store_Online\Store_Online\bin\Debug\net8.0-windows\

Title            : Configuration (Store_online)

Database configuration loaded successfully from sys.xml.

====================================================================================================
Date/Time        : 2026-07-30 00:50:48

Application      : Store_Online

Machine Name     : JOINCODER-SV
Windows User     : REAN-Demo

Working Folder   : D:\_Dev_DeskApp\Store_Online\Store_Online\bin\Debug\net8.0-windows\

Title            : Configuration (Store_online)

Database configuration loaded successfully from sys.xml.

====================================================================================================
Date/Time        : 2026-07-30 00:55:30

Application      : Store_Online

Machine Name     : JOINCODER-SV
Windows User     : REAN-Demo

Working Folder   : D:\_Dev_DeskApp\Store_Online\Store_Online\bin\Debug\net8.0-windows\

Title            : Configuration (Store_online)

Database configuration loaded successfully from sys.xml.

====================================================================================================
Date/Time        : 2026-07-30 00:56:24

Application      : Store_Online

Machine Name     : JOINCODER-SV
Windows User     : REAN-Demo

Working Folder   : D:\_Dev_DeskApp\Store_Online\Store_Online\bin\Debug\net8.0-windows\

Title            : Configuration (Store_online)

Database configuration loaded successfully from sys.xml.

====================================================================================================
Date/Time        : 2026-07-30 00:57:41

Application      : Store_Online

Machine Name     : JOINCODER-SV
Windows User     : REAN-Demo

Working Folder   : D:\_Dev_DeskApp\Store_Online\Store_Online\bin\Debug\net8.0-windows\

Title            : Configuration (Store_online)

Database configuration loaded successfully from sys.xml.

====================================================================================================
Date/Time        : 2026-07-30 01:00:26

Application      : Store_Online

Machine Name     : JOINCODER-SV
Windows User     : REAN-Demo

Working Folder   : D:\_Dev_DeskApp\Store_Online\Store_Online\bin\Debug\net8.0-windows\

Title            : Configuration (Store_online)

Database configuration loaded successfully from sys.xml.

====================================================================================================
Date/Time        : 2026-07-30 01:01:16

Application      : Store_Online

Machine Name     : JOINCODER-SV
Windows User     : REAN-Demo

Working Folder   : D:\_Dev_DeskApp\Store_Online\Store_Online\bin\Debug\net8.0-windows\

Title            : Configuration (Store_online)

Database configuration loaded successfully from sys.xml.

====================================================================================================
Date/Time        : 2026-07-30 01:01:32

Application      : Store_Online

Machine Name     : JOINCODER-SV
Windows User     : REAN-Demo

Working Folder   : D:\_Dev_DeskApp\Store_Online\Store_Online\bin\Debug\net8.0-windows\

Title            : Configuration (Store_online)

Database configuration loaded successfully from sys.xml.

