====================================================================================================
Date/Time        : 2026-07-24 00:00:15

Application      : Store_Online

Machine Name     : JOINCODER-SV
Windows User     : REAN-Demo

Working Folder   : D:\_Dev_DeskApp\Store_Online\Store_Online\bin\Debug\net8.0-windows\

Title            : Configuration Store_online

Database configuration loaded successfully from sys.xml.

====================================================================================================
Date/Time        : 2026-07-24 00:05:23

Application      : Store_Online

Machine Name     : JOINCODER-SV
Windows User     : REAN-Demo

Working Folder   : D:\_Dev_DeskApp\Store_Online\Store_Online\bin\Debug\net8.0-windows\

Title            : Configuration Store_online

Database configuration loaded successfully from sys.xml.

====================================================================================================
Date/Time        : 2026-07-24 00:06:11

Application      : Store_Online

Machine Name     : JOINCODER-SV
Windows User     : REAN-Demo

Working Folder   : D:\_Dev_DeskApp\Store_Online\Store_Online\bin\Debug\net8.0-windows\

Title            : Configuration Store_online

Database configuration loaded successfully from sys.xml.

====================================================================================================
Date/Time        : 2026-07-24 00:06:21

Application      : Store_Online

Machine Name     : JOINCODER-SV
Windows User     : REAN-Demo

Working Folder   : D:\_Dev_DeskApp\Store_Online\Store_Online\bin\Debug\net8.0-windows\

Title            : Configuration Store_online

Database configuration loaded successfully from sys.xml.

====================================================================================================
Date/Time        : 2026-07-24 00:07:01

Application      : Store_Online

Machine Name     : JOINCODER-SV
Windows User     : REAN-Demo

Working Folder   : D:\_Dev_DeskApp\Store_Online\Store_Online\bin\Debug\net8.0-windows\

Title            : Configuration Store_online

Database configuration loaded successfully from sys.xml.

====================================================================================================
Date/Time        : 2026-07-24 00:09:13

Application      : Store_Online

Machine Name     : JOINCODER-SV
Windows User     : REAN-Demo

Working Folder   : D:\_Dev_DeskApp\Store_Online\Store_Online\bin\Debug\net8.0-windows\

Title            : Configuration Store_online

Database configuration loaded successfully from sys.xml.

====================================================================================================
Date/Time        : 2026-07-24 00:09:22

Application      : Store_Online

Machine Name     : JOINCODER-SV
Windows User     : REAN-Demo

Working Folder   : D:\_Dev_DeskApp\Store_Online\Store_Online\bin\Debug\net8.0-windows\

Title            : Configuration Store_online

Database configuration loaded successfully from sys.xml.

====================================================================================================
Date/Time        : 2026-07-24 00:11:59

Application      : Store_Online

Machine Name     : JOINCODER-SV
Windows User     : REAN-Demo

Working Folder   : D:\_Dev_DeskApp\Store_Online\Store_Online\bin\Debug\net8.0-windows\

Title            : Configuration Store_online

Database configuration loaded successfully from sys.xml.

====================================================================================================
Date/Time        : 2026-07-24 00:12:35

Application      : Store_Online

Machine Name     : JOINCODER-SV
Windows User     : REAN-Demo

Working Folder   : D:\_Dev_DeskApp\Store_Online\Store_Online\bin\Debug\net8.0-windows\

Title            : Configuration Store_online

Database configuration loaded successfully from sys.xml.

====================================================================================================
Date/Time        : 2026-07-24 00:12:56

Application      : Store_Online

Machine Name     : JOINCODER-SV
Windows User     : REAN-Demo

Working Folder   : D:\_Dev_DeskApp\Store_Online\Store_Online\bin\Debug\net8.0-windows\

Title            : Configuration Store_online

Database configuration loaded successfully from sys.xml.

====================================================================================================
Date/Time        : 2026-07-24 00:13:01

Application      : Store_Online

Machine Name     : JOINCODER-SV
Windows User     : REAN-Demo

Working Folder   : D:\_Dev_DeskApp\Store_Online\Store_Online\bin\Debug\net8.0-windows\

Title            : Configuration Store_online

Database configuration loaded successfully from sys.xml.

====================================================================================================
Date/Time        : 2026-07-24 00:16:12

Application      : Store_Online

Machine Name     : JOINCODER-SV
Windows User     : REAN-Demo

Working Folder   : D:\_Dev_DeskApp\Store_Online\Store_Online\bin\Debug\net8.0-windows\

Title            : Configuration Store_online

Database configuration loaded successfully from sys.xml.

====================================================================================================
Date/Time        : 2026-07-24 00:19:31

Application      : Store_Online

Machine Name     : JOINCODER-SV
Windows User     : REAN-Demo

Working Folder   : D:\_Dev_DeskApp\Store_Online\Store_Online\bin\Debug\net8.0-windows\

Title            : Configuration Store_online

Database configuration loaded successfully from sys.xml.

====================================================================================================
Date/Time        : 2026-07-24 00:19:47

Application      : Store_Online

Machine Name     : JOINCODER-SV
Windows User     : REAN-Demo

Working Folder   : D:\_Dev_DeskApp\Store_Online\Store_Online\bin\Debug\net8.0-windows\

Title            : Configuration Store_online

Database configuration loaded successfully from sys.xml.

====================================================================================================
Date/Time        : 2026-07-24 00:20:51

Application      : Store_Online

Machine Name     : JOINCODER-SV
Windows User     : REAN-Demo

Working Folder   : D:\_Dev_DeskApp\Store_Online\Store_Online\bin\Debug\net8.0-windows\

Title            : Configuration Store_online

Database configuration loaded successfully from sys.xml.

====================================================================================================
Date/Time        : 2026-07-24 00:24:02

Application      : Store_Online

Machine Name     : JOINCODER-SV
Windows User     : REAN-Demo

Working Folder   : D:\_Dev_DeskApp\Store_Online\Store_Online\bin\Debug\net8.0-windows\

Title            : Configuration Store_online

Database configuration loaded successfully from sys.xml.

====================================================================================================
Date/Time        : 2026-07-24 00:25:10

Application      : Store_Online

Machine Name     : JOINCODER-SV
Windows User     : REAN-Demo

Working Folder   : D:\_Dev_DeskApp\Store_Online\Store_Online\bin\Debug\net8.0-windows\

Title            : Configuration Store_online

Database configuration loaded successfully from sys.xml.

====================================================================================================
Date/Time        : 2026-07-24 00:25:21

Application      : Store_Online

Machine Name     : JOINCODER-SV
Windows User     : REAN-Demo

Working Folder   : D:\_Dev_DeskApp\Store_Online\Store_Online\bin\Debug\net8.0-windows\

Title            : Configuration Store_online

Database configuration loaded successfully from sys.xml.

====================================================================================================
Date/Time        : 2026-07-24 00:26:27

Application      : Store_Online

Machine Name     : JOINCODER-SV
Windows User     : REAN-Demo

Working Folder   : D:\_Dev_DeskApp\Store_Online\Store_Online\bin\Debug\net8.0-windows\

Title            : Configuration Store_online

Database configuration loaded successfully from sys.xml.

====================================================================================================
Date/Time        : 2026-07-24 00:30:48

Application      : Store_Online

Machine Name     : JOINCODER-SV
Windows User     : REAN-Demo

Working Folder   : D:\_Dev_DeskApp\Store_Online\Store_Online\bin\Debug\net8.0-windows\

Title            : Configuration Store_online

Database configuration loaded successfully from sys.xml.

====================================================================================================
Date/Time        : 2026-07-24 00:32:27

Application      : Store_Online

Machine Name     : JOINCODER-SV
Windows User     : REAN-Demo

Working Folder   : D:\_Dev_DeskApp\Store_Online\Store_Online\bin\Debug\net8.0-windows\

Title            : Configuration Store_online

Database configuration loaded successfully from sys.xml.

====================================================================================================
Date/Time        : 2026-07-24 00:32:55

Application      : Store_Online

Machine Name     : JOINCODER-SV
Windows User     : REAN-Demo

Working Folder   : D:\_Dev_DeskApp\Store_Online\Store_Online\bin\Debug\net8.0-windows\

Title            : Configuration Store_online

Database configuration loaded successfully from sys.xml.

====================================================================================================
Date/Time        : 2026-07-24 00:34:56

Application      : Store_Online

Machine Name     : JOINCODER-SV
Windows User     : REAN-Demo

Working Folder   : D:\_Dev_DeskApp\Store_Online\Store_Online\bin\Debug\net8.0-windows\

Title            : Configuration Store_online

Database configuration loaded successfully from sys.xml.

====================================================================================================
Date/Time        : 2026-07-24 00:35:05

Application      : Store_Online

Machine Name     : JOINCODER-SV
Windows User     : REAN-Demo

Working Folder   : D:\_Dev_DeskApp\Store_Online\Store_Online\bin\Debug\net8.0-windows\

Title            : Configuration Store_online

Database configuration loaded successfully from sys.xml.

====================================================================================================
Date/Time        : 2026-07-24 00:36:39

Application      : Store_Online

Machine Name     : JOINCODER-SV
Windows User     : REAN-Demo

Working Folder   : D:\_Dev_DeskApp\Store_Online\Store_Online\bin\Debug\net8.0-windows\

Title            : Configuration (Store_online)

Database configuration loaded successfully from sys.xml.

====================================================================================================
Date/Time        : 2026-07-24 22:31:14

Application      : Store_Online

Machine Name     : JOINCODER-SV
Windows User     : REAN-Demo

Working Folder   : D:\_Dev_DeskApp\Store_Online\Store_Online\bin\Debug\net8.0-windows\

Title            : Configuration (Store_online)

Database configuration loaded successfully from sys.xml.

====================================================================================================
Date/Time        : 2026-07-24 22:33:33

Application      : Store_Online

Machine Name     : JOINCODER-SV
Windows User     : REAN-Demo

Working Folder   : D:\_Dev_DeskApp\Store_Online\Store_Online\bin\Debug\net8.0-windows\

Title            : Configuration (Store_online)

Database configuration loaded successfully from sys.xml.

====================================================================================================
Date/Time        : 2026-07-24 22:36:01

Application      : Store_Online

Machine Name     : JOINCODER-SV
Windows User     : REAN-Demo

Working Folder   : D:\_Dev_DeskApp\Store_Online\Store_Online\bin\Debug\net8.0-windows\

Title            : Configuration (Store_online)

Database configuration loaded successfully from sys.xml.

====================================================================================================
Date/Time        : 2026-07-24 22:38:07

Application      : Store_Online

Machine Name     : JOINCODER-SV
Windows User     : REAN-Demo

Working Folder   : D:\_Dev_DeskApp\Store_Online\Store_Online\bin\Debug\net8.0-windows\

Title            : Configuration (Store_online)

Database configuration loaded successfully from sys.xml.

====================================================================================================
Date/Time        : 2026-07-24 22:39:32

Application      : Store_Online

Machine Name     : JOINCODER-SV
Windows User     : REAN-Demo

Working Folder   : D:\_Dev_DeskApp\Store_Online\Store_Online\bin\Debug\net8.0-windows\

Title            : Configuration (Store_online)

Database configuration loaded successfully from sys.xml.

====================================================================================================
Date/Time        : 2026-07-24 22:44:03

Application      : Store_Online

Machine Name     : JOINCODER-SV
Windows User     : REAN-Demo

Working Folder   : D:\_Dev_DeskApp\Store_Online\Store_Online\bin\Debug\net8.0-windows\

Title            : Configuration (Store_online)

Database configuration loaded successfully from sys.xml.

====================================================================================================
Date/Time        : 2026-07-24 22:45:39

Application      : Store_Online

Machine Name     : JOINCODER-SV
Windows User     : REAN-Demo

Working Folder   : D:\_Dev_DeskApp\Store_Online\Store_Online\bin\Debug\net8.0-windows\

Title            : Configuration (Store_online)

Database configuration loaded successfully from sys.xml.

====================================================================================================
Date/Time        : 2026-07-24 22:50:17

Application      : Store_Online

Machine Name     : JOINCODER-SV
Windows User     : REAN-Demo

Working Folder   : D:\_Dev_DeskApp\Store_Online\Store_Online\bin\Debug\net8.0-windows\

Title            : Configuration (Store_online)

Database configuration loaded successfully from sys.xml.

====================================================================================================
Date/Time        : 2026-07-24 23:00:19

Application      : Store_Online

Machine Name     : JOINCODER-SV
Windows User     : REAN-Demo

Working Folder   : D:\_Dev_DeskApp\Store_Online\Store_Online\bin\Debug\net8.0-windows\

Title            : Configuration (Store_online)

Database configuration loaded successfully from sys.xml.

====================================================================================================
Date/Time        : 2026-07-24 23:04:22

Application      : Store_Online

Machine Name     : JOINCODER-SV
Windows User     : REAN-Demo

Working Folder   : D:\_Dev_DeskApp\Store_Online\Store_Online\bin\Debug\net8.0-windows\

Title            : Configuration (Store_online)

Database configuration loaded successfully from sys.xml.

====================================================================================================
Date/Time        : 2026-07-24 23:10:59

Application      : Store_Online

Machine Name     : JOINCODER-SV
Windows User     : REAN-Demo

Working Folder   : D:\_Dev_DeskApp\Store_Online\Store_Online\bin\Debug\net8.0-windows\

Title            : Configuration (Store_online)

Database configuration loaded successfully from sys.xml.

====================================================================================================
Date/Time        : 2026-07-24 23:15:47

Application      : Store_Online

Machine Name     : JOINCODER-SV
Windows User     : REAN-Demo

Working Folder   : D:\_Dev_DeskApp\Store_Online\Store_Online\bin\Debug\net8.0-windows\

Title            : Configuration (Store_online)

Database configuration loaded successfully from sys.xml.

====================================================================================================
Date/Time        : 2026-07-24 23:19:43

Application      : Store_Online

Machine Name     : JOINCODER-SV
Windows User     : REAN-Demo

Working Folder   : D:\_Dev_DeskApp\Store_Online\Store_Online\bin\Debug\net8.0-windows\

Title            : Configuration (Store_online)

Database configuration loaded successfully from sys.xml.

====================================================================================================
Date/Time        : 2026-07-24 23:20:31

Application      : Store_Online

Machine Name     : JOINCODER-SV
Windows User     : REAN-Demo

Working Folder   : D:\_Dev_DeskApp\Store_Online\Store_Online\bin\Debug\net8.0-windows\

Title            : Configuration (Store_online)

Database configuration loaded successfully from sys.xml.

====================================================================================================
Date/Time        : 2026-07-24 23:20:41

Application      : Store_Online

Machine Name     : JOINCODER-SV
Windows User     : REAN-Demo

Working Folder   : D:\_Dev_DeskApp\Store_Online\Store_Online\bin\Debug\net8.0-windows\

Title            : Configuration (Store_online)

Database configuration loaded successfully from sys.xml.

====================================================================================================
Date/Time        : 2026-07-24 23:23:10

Application      : Store_Online

Machine Name     : JOINCODER-SV
Windows User     : REAN-Demo

Working Folder   : D:\_Dev_DeskApp\Store_Online\Store_Online\bin\Debug\net8.0-windows\

Title            : Configuration (Store_online)

Database configuration loaded successfully from sys.xml.

====================================================================================================
Date/Time        : 2026-07-24 23:23:21

Application      : Store_Online

Machine Name     : JOINCODER-SV
Windows User     : REAN-Demo

Working Folder   : D:\_Dev_DeskApp\Store_Online\Store_Online\bin\Debug\net8.0-windows\

Title            : Configuration (Store_online)

Database configuration loaded successfully from sys.xml.

====================================================================================================
Date/Time        : 2026-07-24 23:29:15

Application      : Store_Online

Machine Name     : JOINCODER-SV
Windows User     : REAN-Demo

Working Folder   : D:\_Dev_DeskApp\Store_Online\Store_Online\bin\Debug\net8.0-windows\

Title            : Configuration (Store_online)

Database configuration loaded successfully from sys.xml.

====================================================================================================
Date/Time        : 2026-07-24 23:30:26

Application      : Store_Online

Machine Name     : JOINCODER-SV
Windows User     : REAN-Demo

Working Folder   : D:\_Dev_DeskApp\Store_Online\Store_Online\bin\Debug\net8.0-windows\

Title            : Configuration (Store_online)

Database configuration loaded successfully from sys.xml.

