====================================================================================================
Date/Time        : 2026-07-26 21:37:22

Application      : Store_Online

Machine Name     : JOINCODER-SV
Windows User     : REAN-Demo

Working Folder   : D:\_Dev_DeskApp\Store_Online\Store_Online\bin\Debug\net8.0-windows\

Title            : Configuration (Store_online)

Database configuration loaded successfully from sys.xml.

====================================================================================================
Date/Time        : 2026-07-26 21:53:59

Application      : Store_Online

Machine Name     : JOINCODER-SV
Windows User     : REAN-Demo

Working Folder   : D:\_Dev_DeskApp\Store_Online\Store_Online\bin\Debug\net8.0-windows\

Title            : Configuration (Store_online)

Database configuration loaded successfully from sys.xml.

====================================================================================================
Date/Time        : 2026-07-26 21:56:30

Application      : Store_Online

Machine Name     : JOINCODER-SV
Windows User     : REAN-Demo

Working Folder   : D:\_Dev_DeskApp\Store_Online\Store_Online\bin\Debug\net8.0-windows\

Title            : Configuration (Store_online)

Database configuration loaded successfully from sys.xml.

====================================================================================================
Date/Time        : 2026-07-26 21:57:28

Application      : Store_Online

Machine Name     : JOINCODER-SV
Windows User     : REAN-Demo

Working Folder   : D:\_Dev_DeskApp\Store_Online\Store_Online\bin\Debug\net8.0-windows\

Title            : Configuration (Store_online)

Database configuration loaded successfully from sys.xml.

====================================================================================================
Date/Time        : 2026-07-26 22:03:25

Application      : Store_Online

Machine Name     : JOINCODER-SV
Windows User     : REAN-Demo

Working Folder   : D:\_Dev_DeskApp\Store_Online\Store_Online\bin\Debug\net8.0-windows\

Title            : Configuration (Store_online)

Database configuration loaded successfully from sys.xml.

====================================================================================================
Date/Time        : 2026-07-26 22:06:08

Application      : Store_Online

Machine Name     : JOINCODER-SV
Windows User     : REAN-Demo

Working Folder   : D:\_Dev_DeskApp\Store_Online\Store_Online\bin\Debug\net8.0-windows\

Title            : Configuration (Store_online)

Database configuration loaded successfully from sys.xml.

====================================================================================================
Date/Time        : 2026-07-26 22:07:40

Application      : Store_Online

Machine Name     : JOINCODER-SV
Windows User     : REAN-Demo

Working Folder   : D:\_Dev_DeskApp\Store_Online\Store_Online\bin\Debug\net8.0-windows\

Title            : Configuration (Store_online)

Database configuration loaded successfully from sys.xml.

====================================================================================================
Date/Time        : 2026-07-26 22:08:58

Application      : Store_Online

Machine Name     : JOINCODER-SV
Windows User     : REAN-Demo

Working Folder   : D:\_Dev_DeskApp\Store_Online\Store_Online\bin\Debug\net8.0-windows\

Title            : Configuration (Store_online)

Database configuration loaded successfully from sys.xml.

====================================================================================================
Date/Time        : 2026-07-26 22:09:54

Application      : Store_Online

Machine Name     : JOINCODER-SV
Windows User     : REAN-Demo

Working Folder   : D:\_Dev_DeskApp\Store_Online\Store_Online\bin\Debug\net8.0-windows\

Title            : Configuration (Store_online)

Database configuration loaded successfully from sys.xml.

====================================================================================================
Date/Time        : 2026-07-26 22:11:06

Application      : Store_Online

Machine Name     : JOINCODER-SV
Windows User     : REAN-Demo

Working Folder   : D:\_Dev_DeskApp\Store_Online\Store_Online\bin\Debug\net8.0-windows\

Title            : Configuration (Store_online)

Database configuration loaded successfully from sys.xml.

====================================================================================================
Date/Time        : 2026-07-26 22:11:18

Application      : Store_Online

Machine Name     : JOINCODER-SV
Windows User     : REAN-Demo

Working Folder   : D:\_Dev_DeskApp\Store_Online\Store_Online\bin\Debug\net8.0-windows\

Title            : Configuration (Store_online)

Database configuration loaded successfully from sys.xml.

====================================================================================================
Date/Time        : 2026-07-26 22:11:50

Application      : Store_Online

Machine Name     : JOINCODER-SV
Windows User     : REAN-Demo

Working Folder   : D:\_Dev_DeskApp\Store_Online\Store_Online\bin\Debug\net8.0-windows\

Title            : Configuration (Store_online)

Database configuration loaded successfully from sys.xml.

====================================================================================================
Date/Time        : 2026-07-26 22:13:08

Application      : Store_Online

Machine Name     : JOINCODER-SV
Windows User     : REAN-Demo

Working Folder   : D:\_Dev_DeskApp\Store_Online\Store_Online\bin\Debug\net8.0-windows\

Title            : Configuration (Store_online)

Database configuration loaded successfully from sys.xml.

====================================================================================================
Date/Time        : 2026-07-26 22:13:26

Application      : Store_Online

Machine Name     : JOINCODER-SV
Windows User     : REAN-Demo

Working Folder   : D:\_Dev_DeskApp\Store_Online\Store_Online\bin\Debug\net8.0-windows\

Title            : Configuration (Store_online)

Database configuration loaded successfully from sys.xml.

====================================================================================================
Date/Time        : 2026-07-26 22:18:17

Application      : Store_Online

Machine Name     : JOINCODER-SV
Windows User     : REAN-Demo

Working Folder   : D:\_Dev_DeskApp\Store_Online\Store_Online\bin\Debug\net8.0-windows\

Title            : Configuration (Store_online)

Database configuration loaded successfully from sys.xml.

====================================================================================================
Date/Time        : 2026-07-26 22:20:56

Application      : Store_Online

Machine Name     : JOINCODER-SV
Windows User     : REAN-Demo

Working Folder   : D:\_Dev_DeskApp\Store_Online\Store_Online\bin\Debug\net8.0-windows\

Title            : Configuration (Store_online)

Database configuration loaded successfully from sys.xml.

====================================================================================================
Date/Time        : 2026-07-26 22:21:34

Application      : Store_Online

Machine Name     : JOINCODER-SV
Windows User     : REAN-Demo

Working Folder   : D:\_Dev_DeskApp\Store_Online\Store_Online\bin\Debug\net8.0-windows\

Title            : Configuration (Store_online)

Database configuration loaded successfully from sys.xml.

====================================================================================================
Date/Time        : 2026-07-26 22:47:14

Application      : Store_Online

Machine Name     : JOINCODER-SV
Windows User     : REAN-Demo

Working Folder   : D:\_Dev_DeskApp\Store_Online\Store_Online\bin\Debug\net8.0-windows\

Title            : Configuration (Store_online)

Database configuration loaded successfully from sys.xml.

====================================================================================================
Date/Time        : 2026-07-26 22:50:04

Application      : Store_Online

Machine Name     : JOINCODER-SV
Windows User     : REAN-Demo

Working Folder   : D:\_Dev_DeskApp\Store_Online\Store_Online\bin\Debug\net8.0-windows\

Title            : Configuration (Store_online)

Database configuration loaded successfully from sys.xml.

====================================================================================================
Date/Time        : 2026-07-26 22:51:02

Application      : Store_Online

Machine Name     : JOINCODER-SV
Windows User     : REAN-Demo

Working Folder   : D:\_Dev_DeskApp\Store_Online\Store_Online\bin\Debug\net8.0-windows\

Title            : Configuration (Store_online)

Database configuration loaded successfully from sys.xml.

====================================================================================================
Date/Time        : 2026-07-26 22:53:55

Application      : Store_Online

Machine Name     : JOINCODER-SV
Windows User     : REAN-Demo

Working Folder   : D:\_Dev_DeskApp\Store_Online\Store_Online\bin\Debug\net8.0-windows\

Title            : Configuration (Store_online)

Database configuration loaded successfully from sys.xml.

====================================================================================================
Date/Time        : 2026-07-26 22:55:14

Application      : Store_Online

Machine Name     : JOINCODER-SV
Windows User     : REAN-Demo

Working Folder   : D:\_Dev_DeskApp\Store_Online\Store_Online\bin\Debug\net8.0-windows\

Title            : Configuration (Store_online)

Database configuration loaded successfully from sys.xml.

====================================================================================================
Date/Time        : 2026-07-26 22:55:44

Application      : Store_Online

Machine Name     : JOINCODER-SV
Windows User     : REAN-Demo

Working Folder   : D:\_Dev_DeskApp\Store_Online\Store_Online\bin\Debug\net8.0-windows\

Title            : Configuration (Store_online)

Database configuration loaded successfully from sys.xml.

====================================================================================================
Date/Time        : 2026-07-26 22:56:24

Application      : Store_Online

Machine Name     : JOINCODER-SV
Windows User     : REAN-Demo

Working Folder   : D:\_Dev_DeskApp\Store_Online\Store_Online\bin\Debug\net8.0-windows\

Title            : Configuration (Store_online)

Database configuration loaded successfully from sys.xml.

====================================================================================================
Date/Time        : 2026-07-26 22:58:23

Application      : Store_Online

Machine Name     : JOINCODER-SV
Windows User     : REAN-Demo

Working Folder   : D:\_Dev_DeskApp\Store_Online\Store_Online\bin\Debug\net8.0-windows\

Title            : Configuration (Store_online)

Database configuration loaded successfully from sys.xml.

====================================================================================================
Date/Time        : 2026-07-26 22:58:35

Application      : Store_Online

Machine Name     : JOINCODER-SV
Windows User     : REAN-Demo

Working Folder   : D:\_Dev_DeskApp\Store_Online\Store_Online\bin\Debug\net8.0-windows\

Title            : Configuration (Store_online)

Database configuration loaded successfully from sys.xml.

====================================================================================================
Date/Time        : 2026-07-26 22:59:58

Application      : Store_Online

Machine Name     : JOINCODER-SV
Windows User     : REAN-Demo

Working Folder   : D:\_Dev_DeskApp\Store_Online\Store_Online\bin\Debug\net8.0-windows\

Title            : Configuration (Store_online)

Database configuration loaded successfully from sys.xml.

====================================================================================================
Date/Time        : 2026-07-26 23:00:14

Application      : Store_Online

Machine Name     : JOINCODER-SV
Windows User     : REAN-Demo

Working Folder   : D:\_Dev_DeskApp\Store_Online\Store_Online\bin\Debug\net8.0-windows\

Title            : Configuration (Store_online)

Database configuration loaded successfully from sys.xml.

====================================================================================================
Date/Time        : 2026-07-26 23:01:26

Application      : Store_Online

Machine Name     : JOINCODER-SV
Windows User     : REAN-Demo

Working Folder   : D:\_Dev_DeskApp\Store_Online\Store_Online\bin\Debug\net8.0-windows\

Title            : Configuration (Store_online)

Database configuration loaded successfully from sys.xml.

====================================================================================================
Date/Time        : 2026-07-26 23:38:07

Application      : Store_Online

Machine Name     : JOINCODER-SV
Windows User     : REAN-Demo

Working Folder   : D:\_Dev_DeskApp\Store_Online\Store_Online\bin\Debug\net8.0-windows\

Title            : Configuration (Store_online)

Database configuration loaded successfully from sys.xml.

====================================================================================================
Date/Time        : 2026-07-26 23:38:48

Application      : Store_Online

Machine Name     : JOINCODER-SV
Windows User     : REAN-Demo

Working Folder   : D:\_Dev_DeskApp\Store_Online\Store_Online\bin\Debug\net8.0-windows\

Title            : Configuration (Store_online)

Database configuration loaded successfully from sys.xml.

